../Core/Src/ArduCAM.c:22:6:ArduCAM_Init	16	static
../Core/Src/ArduCAM.c:41:6:ArduCAM_CS_init	8	static
../Core/Src/ArduCAM.c:53:6:ArduCAM_LED_init	4	static
../Core/Src/ArduCAM.c:70:6:CS_HIGH	8	static
../Core/Src/ArduCAM.c:76:6:CS_LOW	8	static
../Core/Src/ArduCAM.c:82:6:set_format	16	static
../Core/Src/ArduCAM.c:90:9:bus_read	24	static
../Core/Src/ArduCAM.c:100:9:bus_write	16	static
../Core/Src/ArduCAM.c:111:9:read_reg	24	static
../Core/Src/ArduCAM.c:117:6:write_reg	16	static
../Core/Src/ArduCAM.c:122:9:read_fifo	16	static
../Core/Src/ArduCAM.c:128:6:set_fifo_burst	8	static
../Core/Src/ArduCAM.c:134:6:flush_fifo	8	static
../Core/Src/ArduCAM.c:139:6:start_capture	8	static
../Core/Src/ArduCAM.c:144:6:clear_fifo_flag	8	static
../Core/Src/ArduCAM.c:149:10:read_fifo_length	24	static
../Core/Src/ArduCAM.c:160:6:set_bit	24	static
../Core/Src/ArduCAM.c:167:6:clear_bit	24	static
../Core/Src/ArduCAM.c:175:9:get_bit	24	static
../Core/Src/ArduCAM.c:187:6:set_mode	16	static
../Core/Src/ArduCAM.c:207:6:OV2640_set_JPEG_size	16	static
../Core/Src/ArduCAM.c:244:6:wrSensorReg8_8	16	static
../Core/Src/ArduCAM.c:270:6:rdSensorReg8_8	16	static
../Core/Src/ArduCAM.c:305:5:wrSensorRegs8_8	32	static
../Core/Src/ArduCAM.c:323:6:wrSensorReg16_8	16	static
../Core/Src/ArduCAM.c:354:5:wrSensorRegs16_8	32	static
../Core/Src/ArduCAM.c:374:6:rdSensorReg16_8	16	static
