../Core/Src/ArduCAM.c:23:6:ArduCAM_Init	16	static
../Core/Src/ArduCAM.c:42:6:ArduCAM_CS_init	8	static
../Core/Src/ArduCAM.c:54:6:ArduCAM_LED_init	4	static
../Core/Src/ArduCAM.c:71:6:CS_HIGH	8	static
../Core/Src/ArduCAM.c:77:6:CS_LOW	8	static
../Core/Src/ArduCAM.c:83:6:set_format	16	static
../Core/Src/ArduCAM.c:91:9:bus_read	24	static
../Core/Src/ArduCAM.c:110:9:bus_write	24	static
../Core/Src/ArduCAM.c:131:9:read_reg	24	static
../Core/Src/ArduCAM.c:137:6:write_reg	16	static
../Core/Src/ArduCAM.c:142:9:read_fifo	16	static
../Core/Src/ArduCAM.c:148:6:set_fifo_burst	8	static
../Core/Src/ArduCAM.c:154:6:flush_fifo	8	static
../Core/Src/ArduCAM.c:159:6:start_capture	8	static
../Core/Src/ArduCAM.c:164:6:clear_fifo_flag	8	static
../Core/Src/ArduCAM.c:169:10:read_fifo_length	24	static
../Core/Src/ArduCAM.c:180:6:set_bit	24	static
../Core/Src/ArduCAM.c:187:6:clear_bit	24	static
../Core/Src/ArduCAM.c:195:9:get_bit	24	static
../Core/Src/ArduCAM.c:207:6:set_mode	16	static
../Core/Src/ArduCAM.c:227:6:OV2640_set_JPEG_size	16	static
../Core/Src/ArduCAM.c:264:6:wrSensorReg8_8	16	static
../Core/Src/ArduCAM.c:290:6:rdSensorReg8_8	16	static
../Core/Src/ArduCAM.c:325:5:wrSensorRegs8_8	32	static
../Core/Src/ArduCAM.c:343:6:wrSensorReg16_8	16	static
../Core/Src/ArduCAM.c:374:5:wrSensorRegs16_8	32	static
../Core/Src/ArduCAM.c:394:6:rdSensorReg16_8	16	static
