../Drivers/STM32WLxx_HAL_Driver/Inc/stm32wlxx_ll_rcc.h:1257:22:LL_RCC_LSE_SetDriveCapability	16	static
../Drivers/STM32WLxx_HAL_Driver/Inc/stm32wlxx_ll_bus.h:287:22:LL_AHB1_GRP1_EnableClock	24	static
../Drivers/STM32WLxx_HAL_Driver/Inc/stm32wlxx_ll_bus.h:449:22:LL_AHB2_GRP1_EnableClock	24	static
../Core/Src/main.c:77:5:main	16	static
../Core/Src/main.c:166:6:SystemClock_Config	112	static
../Core/Src/main.c:224:13:MX_I2C3_Init	8	static
../Core/Src/main.c:272:13:MX_SPI1_Init	8	static
../Core/Src/main.c:312:13:MX_SPI2_Init	8	static
../Core/Src/main.c:352:13:MX_TIM1_Init	40	static
../Core/Src/main.c:399:13:MX_USART2_UART_Init	8	static
../Core/Src/main.c:445:13:MX_DMA_Init	8	static
../Core/Src/main.c:467:13:MX_GPIO_Init	32	static
../Core/Src/main.c:525:6:Error_Handler	4	static,ignoring_inline_asm
