../Drivers/STM32WLxx_HAL_Driver/Inc/stm32wlxx_ll_rcc.h:1257:22:LL_RCC_LSE_SetDriveCapability	16	static
../Drivers/STM32WLxx_HAL_Driver/Inc/stm32wlxx_ll_bus.h:287:22:LL_AHB1_GRP1_EnableClock	24	static
../Drivers/STM32WLxx_HAL_Driver/Inc/stm32wlxx_ll_bus.h:449:22:LL_AHB2_GRP1_EnableClock	24	static
../Core/Src/main.c:77:5:main	16	static
../Core/Src/main.c:163:6:SystemClock_Config	112	static
../Core/Src/main.c:221:13:MX_I2C3_Init	8	static
../Core/Src/main.c:269:13:MX_SPI1_Init	8	static
../Core/Src/main.c:309:13:MX_SPI2_Init	8	static
../Core/Src/main.c:349:13:MX_TIM1_Init	40	static
../Core/Src/main.c:396:13:MX_USART2_UART_Init	8	static
../Core/Src/main.c:442:13:MX_DMA_Init	8	static
../Core/Src/main.c:464:13:MX_GPIO_Init	32	static
../Core/Src/main.c:522:6:Error_Handler	4	static,ignoring_inline_asm
