Archive member included to satisfy reference by file (symbol)

c:/st/stm32cubeide_1.11.0/stm32cubeide/plugins/com.st.stm32cube.ide.mcu.externaltools.gnu-tools-for-stm32.10.3-2021.10.win32_1.0.100.202210260954/tools/bin/../lib/gcc/arm-none-eabi/10.3.1/../../../../arm-none-eabi/lib/thumb/v7e-m/nofp\libc_nano.a(lib_a-errno.o)
                              ./Core/Src/syscalls.o (__errno)
c:/st/stm32cubeide_1.11.0/stm32cubeide/plugins/com.st.stm32cube.ide.mcu.externaltools.gnu-tools-for-stm32.10.3-2021.10.win32_1.0.100.202210260954/tools/bin/../lib/gcc/arm-none-eabi/10.3.1/../../../../arm-none-eabi/lib/thumb/v7e-m/nofp\libc_nano.a(lib_a-exit.o)
                              c:/st/stm32cubeide_1.11.0/stm32cubeide/plugins/com.st.stm32cube.ide.mcu.externaltools.gnu-tools-for-stm32.10.3-2021.10.win32_1.0.100.202210260954/tools/bin/../lib/gcc/arm-none-eabi/10.3.1/../../../../arm-none-eabi/lib/thumb/v7e-m/nofp/crt0.o (exit)
c:/st/stm32cubeide_1.11.0/stm32cubeide/plugins/com.st.stm32cube.ide.mcu.externaltools.gnu-tools-for-stm32.10.3-2021.10.win32_1.0.100.202210260954/tools/bin/../lib/gcc/arm-none-eabi/10.3.1/../../../../arm-none-eabi/lib/thumb/v7e-m/nofp\libc_nano.a(lib_a-impure.o)
                              c:/st/stm32cubeide_1.11.0/stm32cubeide/plugins/com.st.stm32cube.ide.mcu.externaltools.gnu-tools-for-stm32.10.3-2021.10.win32_1.0.100.202210260954/tools/bin/../lib/gcc/arm-none-eabi/10.3.1/../../../../arm-none-eabi/lib/thumb/v7e-m/nofp\libc_nano.a(lib_a-exit.o) (_global_impure_ptr)
c:/st/stm32cubeide_1.11.0/stm32cubeide/plugins/com.st.stm32cube.ide.mcu.externaltools.gnu-tools-for-stm32.10.3-2021.10.win32_1.0.100.202210260954/tools/bin/../lib/gcc/arm-none-eabi/10.3.1/../../../../arm-none-eabi/lib/thumb/v7e-m/nofp\libc_nano.a(lib_a-init.o)
                              c:/st/stm32cubeide_1.11.0/stm32cubeide/plugins/com.st.stm32cube.ide.mcu.externaltools.gnu-tools-for-stm32.10.3-2021.10.win32_1.0.100.202210260954/tools/bin/../lib/gcc/arm-none-eabi/10.3.1/../../../../arm-none-eabi/lib/thumb/v7e-m/nofp/crt0.o (__libc_init_array)
c:/st/stm32cubeide_1.11.0/stm32cubeide/plugins/com.st.stm32cube.ide.mcu.externaltools.gnu-tools-for-stm32.10.3-2021.10.win32_1.0.100.202210260954/tools/bin/../lib/gcc/arm-none-eabi/10.3.1/../../../../arm-none-eabi/lib/thumb/v7e-m/nofp\libc_nano.a(lib_a-memset.o)
                              c:/st/stm32cubeide_1.11.0/stm32cubeide/plugins/com.st.stm32cube.ide.mcu.externaltools.gnu-tools-for-stm32.10.3-2021.10.win32_1.0.100.202210260954/tools/bin/../lib/gcc/arm-none-eabi/10.3.1/../../../../arm-none-eabi/lib/thumb/v7e-m/nofp/crt0.o (memset)
c:/st/stm32cubeide_1.11.0/stm32cubeide/plugins/com.st.stm32cube.ide.mcu.externaltools.gnu-tools-for-stm32.10.3-2021.10.win32_1.0.100.202210260954/tools/bin/../lib/gcc/arm-none-eabi/10.3.1/thumb/v7e-m/nofp\libgcc.a(_aeabi_uldivmod.o)
                              ./Drivers/STM32WLxx_HAL_Driver/Src/stm32wlxx_hal_uart.o (__aeabi_uldivmod)
c:/st/stm32cubeide_1.11.0/stm32cubeide/plugins/com.st.stm32cube.ide.mcu.externaltools.gnu-tools-for-stm32.10.3-2021.10.win32_1.0.100.202210260954/tools/bin/../lib/gcc/arm-none-eabi/10.3.1/thumb/v7e-m/nofp\libgcc.a(_udivmoddi4.o)
                              c:/st/stm32cubeide_1.11.0/stm32cubeide/plugins/com.st.stm32cube.ide.mcu.externaltools.gnu-tools-for-stm32.10.3-2021.10.win32_1.0.100.202210260954/tools/bin/../lib/gcc/arm-none-eabi/10.3.1/thumb/v7e-m/nofp\libgcc.a(_aeabi_uldivmod.o) (__udivmoddi4)
c:/st/stm32cubeide_1.11.0/stm32cubeide/plugins/com.st.stm32cube.ide.mcu.externaltools.gnu-tools-for-stm32.10.3-2021.10.win32_1.0.100.202210260954/tools/bin/../lib/gcc/arm-none-eabi/10.3.1/thumb/v7e-m/nofp\libgcc.a(_dvmd_tls.o)
                              c:/st/stm32cubeide_1.11.0/stm32cubeide/plugins/com.st.stm32cube.ide.mcu.externaltools.gnu-tools-for-stm32.10.3-2021.10.win32_1.0.100.202210260954/tools/bin/../lib/gcc/arm-none-eabi/10.3.1/thumb/v7e-m/nofp\libgcc.a(_aeabi_uldivmod.o) (__aeabi_ldiv0)

Discarded input sections

 .text          0x0000000000000000        0x0 c:/st/stm32cubeide_1.11.0/stm32cubeide/plugins/com.st.stm32cube.ide.mcu.externaltools.gnu-tools-for-stm32.10.3-2021.10.win32_1.0.100.202210260954/tools/bin/../lib/gcc/arm-none-eabi/10.3.1/thumb/v7e-m/nofp/crti.o
 .data          0x0000000000000000        0x0 c:/st/stm32cubeide_1.11.0/stm32cubeide/plugins/com.st.stm32cube.ide.mcu.externaltools.gnu-tools-for-stm32.10.3-2021.10.win32_1.0.100.202210260954/tools/bin/../lib/gcc/arm-none-eabi/10.3.1/thumb/v7e-m/nofp/crti.o
 .bss           0x0000000000000000        0x0 c:/st/stm32cubeide_1.11.0/stm32cubeide/plugins/com.st.stm32cube.ide.mcu.externaltools.gnu-tools-for-stm32.10.3-2021.10.win32_1.0.100.202210260954/tools/bin/../lib/gcc/arm-none-eabi/10.3.1/thumb/v7e-m/nofp/crti.o
[...]
Memory Configuration

Name             Origin             Length             Attributes
RAM              0x0000000020000000 0x0000000000010000 xrw
RAM2             0x0000000010000000 0x0000000000008000 xrw
FLASH            0x0000000008000000 0x0000000000040000 xr
*default*        0x0000000000000000 0xffffffffffffffff

Linker script and memory map

LOAD c:/st/stm32cubeide_1.11.0/stm32cubeide/plugins/com.st.stm32cube.ide.mcu.externaltools.gnu-tools-for-stm32.10.3-2021.10.win32_1.0.100.202210260954/tools/bin/../lib/gcc/arm-none-eabi/10.3.1/thumb/v7e-m/nofp/crti.o
LOAD c:/st/stm32cubeide_1.11.0/stm32cubeide/plugins/com.st.stm32cube.ide.mcu.externaltools.gnu-tools-for-stm32.10.3-2021.10.win32_1.0.100.202210260954/tools/bin/../lib/gcc/arm-none-eabi/10.3.1/thumb/v7e-m/nofp/crtbegin.o
LOAD c:/st/stm32cubeide_1.11.0/stm32cubeide/plugins/com.st.stm32cube.ide.mcu.externaltools.gnu-tools-for-stm32.10.3-2021.10.win32_1.0.100.202210260954/tools/bin/../lib/gcc/arm-none-eabi/10.3.1/../../../../arm-none-eabi/lib/thumb/v7e-m/nofp/crt0.o
LOAD ./Core/Src/ArduCAM.o
LOAD ./Core/Src/delay.o
LOAD ./Core/Src/main.o
LOAD ./Core/Src/sccb_bus.o
LOAD ./Core/Src/spi.o
LOAD ./Core/Src/stm32wlxx_hal_msp.o
LOAD ./Core/Src/stm32wlxx_it.o
LOAD ./Core/Src/sys.o
LOAD ./Core/Src/syscalls.o
LOAD ./Core/Src/sysmem.o
LOAD ./Core/Src/system_stm32wlxx.o
LOAD ./Core/Startup/startup_stm32wl55jcix.o
LOAD ./Drivers/STM32WLxx_HAL_Driver/Src/stm32wlxx_hal.o
LOAD ./Drivers/STM32WLxx_HAL_Driver/Src/stm32wlxx_hal_cortex.o
LOAD ./Drivers/STM32WLxx_HAL_Driver/Src/stm32wlxx_hal_dma.o
LOAD ./Drivers/STM32WLxx_HAL_Driver/Src/stm32wlxx_hal_dma_ex.o
LOAD ./Drivers/STM32WLxx_HAL_Driver/Src/stm32wlxx_hal_exti.o
LOAD ./Drivers/STM32WLxx_HAL_Driver/Src/stm32wlxx_hal_flash.o
LOAD ./Drivers/STM32WLxx_HAL_Driver/Src/stm32wlxx_hal_flash_ex.o
LOAD ./Drivers/STM32WLxx_HAL_Driver/Src/stm32wlxx_hal_gpio.o
LOAD ./Drivers/STM32WLxx_HAL_Driver/Src/stm32wlxx_hal_i2c.o
LOAD ./Drivers/STM32WLxx_HAL_Driver/Src/stm32wlxx_hal_i2c_ex.o
LOAD ./Drivers/STM32WLxx_HAL_Driver/Src/stm32wlxx_hal_pwr.o
LOAD ./Drivers/STM32WLxx_HAL_Driver/Src/stm32wlxx_hal_pwr_ex.o
LOAD ./Drivers/STM32WLxx_HAL_Driver/Src/stm32wlxx_hal_rcc.o
LOAD ./Drivers/STM32WLxx_HAL_Driver/Src/stm32wlxx_hal_rcc_ex.o
LOAD ./Drivers/STM32WLxx_HAL_Driver/Src/stm32wlxx_hal_spi.o
LOAD ./Drivers/STM32WLxx_HAL_Driver/Src/stm32wlxx_hal_spi_ex.o
LOAD ./Drivers/STM32WLxx_HAL_Driver/Src/stm32wlxx_hal_tim.o
LOAD ./Drivers/STM32WLxx_HAL_Driver/Src/stm32wlxx_hal_tim_ex.o
LOAD ./Drivers/STM32WLxx_HAL_Driver/Src/stm32wlxx_hal_uart.o
LOAD ./Drivers/STM32WLxx_HAL_Driver/Src/stm32wlxx_hal_uart_ex.o
START GROUP
LOAD c:/st/stm32cubeide_1.11.0/stm32cubeide/plugins/com.st.stm32cube.ide.mcu.externaltools.gnu-tools-for-stm32.10.3-2021.10.win32_1.0.100.202210260954/tools/bin/../lib/gcc/arm-none-eabi/10.3.1/../../../../arm-none-eabi/lib/thumb/v7e-m/nofp\libc_nano.a
LOAD c:/st/stm32cubeide_1.11.0/stm32cubeide/plugins/com.st.stm32cube.ide.mcu.externaltools.gnu-tools-for-stm32.10.3-2021.10.win32_1.0.100.202210260954/tools/bin/../lib/gcc/arm-none-eabi/10.3.1/../../../../arm-none-eabi/lib/thumb/v7e-m/nofp\libm.a
END GROUP
START GROUP
LOAD c:/st/stm32cubeide_1.11.0/stm32cubeide/plugins/com.st.stm32cube.ide.mcu.externaltools.gnu-tools-for-stm32.10.3-2021.10.win32_1.0.100.202210260954/tools/bin/../lib/gcc/arm-none-eabi/10.3.1/thumb/v7e-m/nofp\libgcc.a
LOAD c:/st/stm32cubeide_1.11.0/stm32cubeide/plugins/com.st.stm32cube.ide.mcu.externaltools.gnu-tools-for-stm32.10.3-2021.10.win32_1.0.100.202210260954/tools/bin/../lib/gcc/arm-none-eabi/10.3.1/../../../../arm-none-eabi/lib/thumb/v7e-m/nofp\libc_nano.a
END GROUP
START GROUP
LOAD c:/st/stm32cubeide_1.11.0/stm32cubeide/plugins/com.st.stm32cube.ide.mcu.externaltools.gnu-tools-for-stm32.10.3-2021.10.win32_1.0.100.202210260954/tools/bin/../lib/gcc/arm-none-eabi/10.3.1/thumb/v7e-m/nofp\libgcc.a
LOAD c:/st/stm32cubeide_1.11.0/stm32cubeide/plugins/com.st.stm32cube.ide.mcu.externaltools.gnu-tools-for-stm32.10.3-2021.10.win32_1.0.100.202210260954/tools/bin/../lib/gcc/arm-none-eabi/10.3.1/../../../../arm-none-eabi/lib/thumb/v7e-m/nofp\libc_nano.a
LOAD c:/st/stm32cubeide_1.11.0/stm32cubeide/plugins/com.st.stm32cube.ide.mcu.externaltools.gnu-tools-for-stm32.10.3-2021.10.win32_1.0.100.202210260954/tools/bin/../lib/gcc/arm-none-eabi/10.3.1/../../../../arm-none-eabi/lib/thumb/v7e-m/nofp\libnosys.a
END GROUP
START GROUP
LOAD c:/st/stm32cubeide_1.11.0/stm32cubeide/plugins/com.st.stm32cube.ide.mcu.externaltools.gnu-tools-for-stm32.10.3-2021.10.win32_1.0.100.202210260954/tools/bin/../lib/gcc/arm-none-eabi/10.3.1/thumb/v7e-m/nofp\libgcc.a
LOAD c:/st/stm32cubeide_1.11.0/stm32cubeide/plugins/com.st.stm32cube.ide.mcu.externaltools.gnu-tools-for-stm32.10.3-2021.10.win32_1.0.100.202210260954/tools/bin/../lib/gcc/arm-none-eabi/10.3.1/../../../../arm-none-eabi/lib/thumb/v7e-m/nofp\libc_nano.a
LOAD c:/st/stm32cubeide_1.11.0/stm32cubeide/plugins/com.st.stm32cube.ide.mcu.externaltools.gnu-tools-for-stm32.10.3-2021.10.win32_1.0.100.202210260954/tools/bin/../lib/gcc/arm-none-eabi/10.3.1/../../../../arm-none-eabi/lib/thumb/v7e-m/nofp\libnosys.a
END GROUP
LOAD c:/st/stm32cubeide_1.11.0/stm32cubeide/plugins/com.st.stm32cube.ide.mcu.externaltools.gnu-tools-for-stm32.10.3-2021.10.win32_1.0.100.202210260954/tools/bin/../lib/gcc/arm-none-eabi/10.3.1/thumb/v7e-m/nofp/crtend.o
LOAD c:/st/stm32cubeide_1.11.0/stm32cubeide/plugins/com.st.stm32cube.ide.mcu.externaltools.gnu-tools-for-stm32.10.3-2021.10.win32_1.0.100.202210260954/tools/bin/../lib/gcc/arm-none-eabi/10.3.1/thumb/v7e-m/nofp/crtn.o
                0x0000000020010000                _estack = (ORIGIN (RAM) + LENGTH (RAM))
                0x0000000000000200                _Min_Heap_Size = 0x200
                0x0000000000000400                _Min_Stack_Size = 0x400

.isr_vector     0x0000000008000000      0x138
                0x0000000008000000                . = ALIGN (0x4)
 *(.isr_vector)
 .isr_vector    0x0000000008000000      0x138 ./Core/Startup/startup_stm32wl55jcix.o
                0x0000000008000000                g_pfnVectors
                0x0000000008000138                . = ALIGN (0x4)

.text           0x0000000008000138     0x5f18
                0x0000000008000138                . = ALIGN (0x4)
 *(.text)
 .text          0x0000000008000138       0x40 c:/st/stm32cubeide_1.11.0/stm32cubeide/plugins/com.st.stm32cube.ide.mcu.externaltools.gnu-tools-for-stm32.10.3-2021.10.win32_1.0.100.202210260954/tools/bin/../lib/gcc/arm-none-eabi/10.3.1/thumb/v7e-m/nofp/crtbegin.o
 .text          0x0000000008000178       0x30 c:/st/stm32cubeide_1.11.0/stm32cubeide/plugins/com.st.stm32cube.ide.mcu.externaltools.gnu-tools-for-stm32.10.3-2021.10.win32_1.0.100.202210260954/tools/bin/../lib/gcc/arm-none-eabi/10.3.1/thumb/v7e-m/nofp\libgcc.a(_aeabi_uldivmod.o)
                0x0000000008000178                __aeabi_uldivmod
 .text          0x00000000080001a8      0x2d0 c:/st/stm32cubeide_1.11.0/stm32cubeide/plugins/com.st.stm32cube.ide.mcu.externaltools.gnu-tools-for-stm32.10.3-2021.10.win32_1.0.100.202210260954/tools/bin/../lib/gcc/arm-none-eabi/10.3.1/thumb/v7e-m/nofp\libgcc.a(_udivmoddi4.o)
                0x00000000080001a8                __udivmoddi4
 .text          0x0000000008000478        0x4 c:/st/stm32cubeide_1.11.0/stm32cubeide/plugins/com.st.stm32cube.ide.mcu.externaltools.gnu-tools-for-stm32.10.3-2021.10.win32_1.0.100.202210260954/tools/bin/../lib/gcc/arm-none-eabi/10.3.1/thumb/v7e-m/nofp\libgcc.a(_dvmd_tls.o)
                0x0000000008000478                __aeabi_idiv0
                0x0000000008000478                __aeabi_ldiv0
 *(.text*)
 .text.ArduCAM_Init
                0x000000000800047c       0x74 ./Core/Src/ArduCAM.o
                0x000000000800047c                ArduCAM_Init
 .text.CS_HIGH  0x00000000080004f0       0x18 ./Core/Src/ArduCAM.o
                0x00000000080004f0                CS_HIGH
 .text.CS_LOW   0x0000000008000508       0x18 ./Core/Src/ArduCAM.o
                0x0000000008000508                CS_LOW
 .text.set_format
                0x0000000008000520       0x2c ./Core/Src/ArduCAM.o
                0x0000000008000520                set_format
 .text.bus_read
                0x000000000800054c       0x74 ./Core/Src/ArduCAM.o
                0x000000000800054c                bus_read
 .text.bus_write
                0x00000000080005c0       0xa4 ./Core/Src/ArduCAM.o
                0x00000000080005c0                bus_write
 .text.read_reg
                0x0000000008000664       0x24 ./Core/Src/ArduCAM.o
                0x0000000008000664                read_reg
 .text.write_reg
                0x0000000008000688       0x2c ./Core/Src/ArduCAM.o
                0x0000000008000688                write_reg
 .text.set_fifo_burst
                0x00000000080006b4        0xe ./Core/Src/ArduCAM.o
                0x00000000080006b4                set_fifo_burst
 .text.flush_fifo
                0x00000000080006c2       0x10 ./Core/Src/ArduCAM.o
                0x00000000080006c2                flush_fifo
 .text.start_capture
                0x00000000080006d2       0x10 ./Core/Src/ArduCAM.o
                0x00000000080006d2                start_capture
 .text.clear_fifo_flag
                0x00000000080006e2       0x10 ./Core/Src/ArduCAM.o
                0x00000000080006e2                clear_fifo_flag
 .text.read_fifo_length
                0x00000000080006f2       0x4a ./Core/Src/ArduCAM.o
                0x00000000080006f2                read_fifo_length
 .text.get_bit  0x000000000800073c       0x2e ./Core/Src/ArduCAM.o
                0x000000000800073c                get_bit
 *fill*         0x000000000800076a        0x2 
 .text.OV2640_set_JPEG_size
                0x000000000800076c       0xb8 ./Core/Src/ArduCAM.o
                0x000000000800076c                OV2640_set_JPEG_size
 .text.wrSensorReg8_8
                0x0000000008000824       0x7c ./Core/Src/ArduCAM.o
                0x0000000008000824                wrSensorReg8_8
 .text.rdSensorReg8_8
                0x00000000080008a0       0xa0 ./Core/Src/ArduCAM.o
                0x00000000080008a0                rdSensorReg8_8
 .text.wrSensorRegs8_8
                0x0000000008000940       0x66 ./Core/Src/ArduCAM.o
                0x0000000008000940                wrSensorRegs8_8
 *fill*         0x00000000080009a6        0x2 
 .text.wrSensorReg16_8
                0x00000000080009a8       0x94 ./Core/Src/ArduCAM.o
                0x00000000080009a8                wrSensorReg16_8
 .text.us_delay
                0x0000000008000a3c       0x30 ./Core/Src/delay.o
                0x0000000008000a3c                us_delay
 .text.LL_RCC_LSE_SetDriveCapability
                0x0000000008000a6c       0x2a ./Core/Src/main.o
 .text.LL_AHB1_GRP1_EnableClock
                0x0000000008000a96       0x30 ./Core/Src/main.o
 .text.LL_AHB2_GRP1_EnableClock
                0x0000000008000ac6       0x30 ./Core/Src/main.o
 *fill*         0x0000000008000af6        0x2 
 .text.main     0x0000000008000af8       0xe4 ./Core/Src/main.o
                0x0000000008000af8                main
 .text.SystemClock_Config
                0x0000000008000bdc       0xdc ./Core/Src/main.o
                0x0000000008000bdc                SystemClock_Config
 .text.MX_I2C3_Init
                0x0000000008000cb8       0x80 ./Core/Src/main.o
 .text.MX_SPI1_Init
                0x0000000008000d38       0x7c ./Core/Src/main.o
 .text.MX_SPI2_Init
                0x0000000008000db4       0x7c ./Core/Src/main.o
 .text.MX_TIM1_Init
                0x0000000008000e30       0xa8 ./Core/Src/main.o
 .text.MX_USART2_UART_Init
                0x0000000008000ed8       0x98 ./Core/Src/main.o
 .text.MX_DMA_Init
                0x0000000008000f70       0x34 ./Core/Src/main.o
 .text.MX_GPIO_Init
                0x0000000008000fa4       0xd0 ./Core/Src/main.o
 .text.Error_Handler
                0x0000000008001074        0xa ./Core/Src/main.o
                0x0000000008001074                Error_Handler
 .text.sccb_bus_init
                0x000000000800107e        0xc ./Core/Src/sccb_bus.o
                0x000000000800107e                sccb_bus_init
 *fill*         0x000000000800108a        0x2 
 .text.sccb_data_in
                0x000000000800108c       0x40 ./Core/Src/sccb_bus.o
                0x000000000800108c                sccb_data_in
 .text.sccb_data_out
                0x00000000080010cc       0x44 ./Core/Src/sccb_bus.o
                0x00000000080010cc                sccb_data_out
 .text.sccb_bus_start
                0x0000000008001110       0x50 ./Core/Src/sccb_bus.o
                0x0000000008001110                sccb_bus_start
 .text.sccb_bus_stop
                0x0000000008001160       0x40 ./Core/Src/sccb_bus.o
                0x0000000008001160                sccb_bus_stop
 .text.sccb_bus_send_noack
                0x00000000080011a0       0x50 ./Core/Src/sccb_bus.o
                0x00000000080011a0                sccb_bus_send_noack
 .text.sccb_bus_write_byte
                0x00000000080011f0       0xbc ./Core/Src/sccb_bus.o
                0x00000000080011f0                sccb_bus_write_byte
 .text.sccb_bus_read_byte
                0x00000000080012ac       0x7c ./Core/Src/sccb_bus.o
                0x00000000080012ac                sccb_bus_read_byte
 .text.SPI1_ReadWriteByte
                0x0000000008001328       0x34 ./Core/Src/spi.o
                0x0000000008001328                SPI1_ReadWriteByte
 .text.StartBMPcapture
                0x000000000800135c      0x13c ./Core/Src/spi.o
                0x000000000800135c                StartBMPcapture
 .text.LL_AHB2_GRP1_EnableClock
                0x0000000008001498       0x30 ./Core/Src/stm32wlxx_hal_msp.o
 .text.LL_APB1_GRP1_EnableClock
                0x00000000080014c8       0x30 ./Core/Src/stm32wlxx_hal_msp.o
 .text.LL_APB2_GRP1_EnableClock
                0x00000000080014f8       0x30 ./Core/Src/stm32wlxx_hal_msp.o
 .text.HAL_MspInit
                0x0000000008001528        0xc ./Core/Src/stm32wlxx_hal_msp.o
                0x0000000008001528                HAL_MspInit
 .text.HAL_I2C_MspInit
                0x0000000008001534       0x90 ./Core/Src/stm32wlxx_hal_msp.o
                0x0000000008001534                HAL_I2C_MspInit
 .text.HAL_SPI_MspInit
                0x00000000080015c4      0x1fc ./Core/Src/stm32wlxx_hal_msp.o
                0x00000000080015c4                HAL_SPI_MspInit
 .text.HAL_TIM_Base_MspInit
                0x00000000080017c0       0x28 ./Core/Src/stm32wlxx_hal_msp.o
                0x00000000080017c0                HAL_TIM_Base_MspInit
 .text.HAL_UART_MspInit
                0x00000000080017e8       0x8c ./Core/Src/stm32wlxx_hal_msp.o
                0x00000000080017e8                HAL_UART_MspInit
 .text.NMI_Handler
                0x0000000008001874        0x6 ./Core/Src/stm32wlxx_it.o
                0x0000000008001874                NMI_Handler
 .text.HardFault_Handler
                0x000000000800187a        0x6 ./Core/Src/stm32wlxx_it.o
                0x000000000800187a                HardFault_Handler
 .text.MemManage_Handler
                0x0000000008001880        0x6 ./Core/Src/stm32wlxx_it.o
                0x0000000008001880                MemManage_Handler
 .text.BusFault_Handler
                0x0000000008001886        0x6 ./Core/Src/stm32wlxx_it.o
                0x0000000008001886                BusFault_Handler
 .text.UsageFault_Handler
                0x000000000800188c        0x6 ./Core/Src/stm32wlxx_it.o
                0x000000000800188c                UsageFault_Handler
 .text.SVC_Handler
                0x0000000008001892        0xc ./Core/Src/stm32wlxx_it.o
                0x0000000008001892                SVC_Handler
 .text.DebugMon_Handler
                0x000000000800189e        0xc ./Core/Src/stm32wlxx_it.o
                0x000000000800189e                DebugMon_Handler
 .text.PendSV_Handler
                0x00000000080018aa        0xc ./Core/Src/stm32wlxx_it.o
                0x00000000080018aa                PendSV_Handler
 .text.SysTick_Handler
                0x00000000080018b6        0xc ./Core/Src/stm32wlxx_it.o
                0x00000000080018b6                SysTick_Handler
 *fill*         0x00000000080018c2        0x2 
 .text.DMA1_Channel1_IRQHandler
                0x00000000080018c4       0x14 ./Core/Src/stm32wlxx_it.o
                0x00000000080018c4                DMA1_Channel1_IRQHandler
 .text.DMA1_Channel2_IRQHandler
                0x00000000080018d8       0x14 ./Core/Src/stm32wlxx_it.o
                0x00000000080018d8                DMA1_Channel2_IRQHandler
 .text.SystemInit
                0x00000000080018ec        0xc ./Core/Src/system_stm32wlxx.o
                0x00000000080018ec                SystemInit
 .text.Reset_Handler
                0x00000000080018f8       0x50 ./Core/Startup/startup_stm32wl55jcix.o
                0x00000000080018f8                Reset_Handler
 .text.Default_Handler
                0x0000000008001948        0x2 ./Core/Startup/startup_stm32wl55jcix.o
                0x0000000008001948                RTC_Alarm_IRQHandler
                0x0000000008001948                EXTI2_IRQHandler
                0x0000000008001948                TIM1_CC_IRQHandler
                0x0000000008001948                EXTI3_IRQHandler
                0x0000000008001948                LPTIM2_IRQHandler
                0x0000000008001948                I2C3_ER_IRQHandler
                0x0000000008001948                LPTIM3_IRQHandler
                0x0000000008001948                EXTI0_IRQHandler
                0x0000000008001948                I2C2_EV_IRQHandler
                0x0000000008001948                TAMP_STAMP_LSECSS_SSRU_IRQHandler
                0x0000000008001948                SPI1_IRQHandler
                0x0000000008001948                DMA2_Channel2_IRQHandler
                0x0000000008001948                DMA1_Channel4_IRQHandler
                0x0000000008001948                PKA_IRQHandler
                0x0000000008001948                TIM17_IRQHandler
                0x0000000008001948                DMA1_Channel7_IRQHandler
                0x0000000008001948                SUBGHZSPI_IRQHandler
                0x0000000008001948                IPCC_C1_TX_IRQHandler
                0x0000000008001948                DMA2_Channel1_IRQHandler
                0x0000000008001948                I2C1_EV_IRQHandler
                0x0000000008001948                SUBGHZ_Radio_IRQHandler
                0x0000000008001948                DMAMUX1_OVR_IRQHandler
                0x0000000008001948                DMA1_Channel6_IRQHandler
                0x0000000008001948                TIM16_IRQHandler
                0x0000000008001948                DMA2_Channel4_IRQHandler
                0x0000000008001948                RCC_IRQHandler
                0x0000000008001948                TIM1_TRG_COM_IRQHandler
                0x0000000008001948                Default_Handler
                0x0000000008001948                DMA2_Channel7_IRQHandler
                0x0000000008001948                EXTI15_10_IRQHandler
                0x0000000008001948                IPCC_C1_RX_IRQHandler
                0x0000000008001948                ADC_IRQHandler
                0x0000000008001948                C2SEV_PWR_C2H_IRQHandler
                0x0000000008001948                I2C3_EV_IRQHandler
                0x0000000008001948                EXTI9_5_IRQHandler
                0x0000000008001948                RTC_WKUP_IRQHandler
                0x0000000008001948                PVD_PVM_IRQHandler
                0x0000000008001948                SPI2_IRQHandler
                0x0000000008001948                DMA2_Channel5_IRQHandler
                0x0000000008001948                DMA1_Channel5_IRQHandler
                0x0000000008001948                EXTI4_IRQHandler
                0x0000000008001948                RNG_IRQHandler
                0x0000000008001948                DMA1_Channel3_IRQHandler
                0x0000000008001948                COMP_IRQHandler
                0x0000000008001948                HSEM_IRQHandler
                0x0000000008001948                TIM1_UP_IRQHandler
                0x0000000008001948                WWDG_IRQHandler
                0x0000000008001948                LPUART1_IRQHandler
                0x0000000008001948                DMA2_Channel6_IRQHandler
                0x0000000008001948                TIM2_IRQHandler
                0x0000000008001948                TIM1_BRK_IRQHandler
                0x0000000008001948                DAC_IRQHandler
                0x0000000008001948                EXTI1_IRQHandler
                0x0000000008001948                AES_IRQHandler
                0x0000000008001948                USART2_IRQHandler
                0x0000000008001948                I2C2_ER_IRQHandler
                0x0000000008001948                FLASH_IRQHandler
                0x0000000008001948                USART1_IRQHandler
                0x0000000008001948                I2C1_ER_IRQHandler
                0x0000000008001948                LPTIM1_IRQHandler
                0x0000000008001948                DMA2_Channel3_IRQHandler
 *fill*         0x000000000800194a        0x2 
 .text.HAL_Init
                0x000000000800194c       0x40 ./Drivers/STM32WLxx_HAL_Driver/Src/stm32wlxx_hal.o
                0x000000000800194c                HAL_Init
 .text.HAL_InitTick
                0x000000000800198c       0x74 ./Drivers/STM32WLxx_HAL_Driver/Src/stm32wlxx_hal.o
                0x000000000800198c                HAL_InitTick
 .text.HAL_IncTick
                0x0000000008001a00       0x24 ./Drivers/STM32WLxx_HAL_Driver/Src/stm32wlxx_hal.o
                0x0000000008001a00                HAL_IncTick
 .text.HAL_GetTick
                0x0000000008001a24       0x14 ./Drivers/STM32WLxx_HAL_Driver/Src/stm32wlxx_hal.o
                0x0000000008001a24                HAL_GetTick
 .text.HAL_Delay
                0x0000000008001a38       0x48 ./Drivers/STM32WLxx_HAL_Driver/Src/stm32wlxx_hal.o
                0x0000000008001a38                HAL_Delay
 .text.__NVIC_SetPriorityGrouping
                0x0000000008001a80       0x48 ./Drivers/STM32WLxx_HAL_Driver/Src/stm32wlxx_hal_cortex.o
 .text.__NVIC_GetPriorityGrouping
                0x0000000008001ac8       0x1c ./Drivers/STM32WLxx_HAL_Driver/Src/stm32wlxx_hal_cortex.o
 .text.__NVIC_EnableIRQ
                0x0000000008001ae4       0x38 ./Drivers/STM32WLxx_HAL_Driver/Src/stm32wlxx_hal_cortex.o
 .text.__NVIC_SetPriority
                0x0000000008001b1c       0x54 ./Drivers/STM32WLxx_HAL_Driver/Src/stm32wlxx_hal_cortex.o
 .text.NVIC_EncodePriority
                0x0000000008001b70       0x64 ./Drivers/STM32WLxx_HAL_Driver/Src/stm32wlxx_hal_cortex.o
 .text.SysTick_Config
                0x0000000008001bd4       0x44 ./Drivers/STM32WLxx_HAL_Driver/Src/stm32wlxx_hal_cortex.o
 .text.HAL_NVIC_SetPriorityGrouping
                0x0000000008001c18       0x16 ./Drivers/STM32WLxx_HAL_Driver/Src/stm32wlxx_hal_cortex.o
                0x0000000008001c18                HAL_NVIC_SetPriorityGrouping
 .text.HAL_NVIC_SetPriority
                0x0000000008001c2e       0x34 ./Drivers/STM32WLxx_HAL_Driver/Src/stm32wlxx_hal_cortex.o
                0x0000000008001c2e                HAL_NVIC_SetPriority
 .text.HAL_NVIC_EnableIRQ
                0x0000000008001c62       0x1c ./Drivers/STM32WLxx_HAL_Driver/Src/stm32wlxx_hal_cortex.o
                0x0000000008001c62                HAL_NVIC_EnableIRQ
 .text.HAL_SYSTICK_Config
                0x0000000008001c7e       0x18 ./Drivers/STM32WLxx_HAL_Driver/Src/stm32wlxx_hal_cortex.o
                0x0000000008001c7e                HAL_SYSTICK_Config
 *fill*         0x0000000008001c96        0x2 
 .text.HAL_DMA_Init
                0x0000000008001c98      0x150 ./Drivers/STM32WLxx_HAL_Driver/Src/stm32wlxx_hal_dma.o
                0x0000000008001c98                HAL_DMA_Init
 .text.HAL_DMA_IRQHandler
                0x0000000008001de8      0x18c ./Drivers/STM32WLxx_HAL_Driver/Src/stm32wlxx_hal_dma.o
                0x0000000008001de8                HAL_DMA_IRQHandler
 .text.HAL_DMA_ConfigChannelAttributes
                0x0000000008001f74       0x5e ./Drivers/STM32WLxx_HAL_Driver/Src/stm32wlxx_hal_dma.o
                0x0000000008001f74                HAL_DMA_ConfigChannelAttributes
 *fill*         0x0000000008001fd2        0x2 
 .text.DMA_CalcDMAMUXChannelBaseAndMask
                0x0000000008001fd4       0x90 ./Drivers/STM32WLxx_HAL_Driver/Src/stm32wlxx_hal_dma.o
 .text.DMA_CalcDMAMUXRequestGenBaseAndMask
                0x0000000008002064       0x48 ./Drivers/STM32WLxx_HAL_Driver/Src/stm32wlxx_hal_dma.o
 .text.HAL_GPIO_Init
                0x00000000080020ac      0x2c0 ./Drivers/STM32WLxx_HAL_Driver/Src/stm32wlxx_hal_gpio.o
                0x00000000080020ac                HAL_GPIO_Init
 .text.HAL_GPIO_WritePin
                0x000000000800236c       0x2e ./Drivers/STM32WLxx_HAL_Driver/Src/stm32wlxx_hal_gpio.o
                0x000000000800236c                HAL_GPIO_WritePin
 .text.HAL_I2C_Init
                0x000000000800239a      0x11e ./Drivers/STM32WLxx_HAL_Driver/Src/stm32wlxx_hal_i2c.o
                0x000000000800239a                HAL_I2C_Init
 .text.HAL_I2CEx_ConfigAnalogFilter
                0x00000000080024b8       0x94 ./Drivers/STM32WLxx_HAL_Driver/Src/stm32wlxx_hal_i2c_ex.o
                0x00000000080024b8                HAL_I2CEx_ConfigAnalogFilter
 .text.HAL_I2CEx_ConfigDigitalFilter
                0x000000000800254c       0x96 ./Drivers/STM32WLxx_HAL_Driver/Src/stm32wlxx_hal_i2c_ex.o
                0x000000000800254c                HAL_I2CEx_ConfigDigitalFilter
 *fill*         0x00000000080025e2        0x2 
 .text.HAL_PWR_EnableBkUpAccess
                0x00000000080025e4       0x1c ./Drivers/STM32WLxx_HAL_Driver/Src/stm32wlxx_hal_pwr.o
                0x00000000080025e4                HAL_PWR_EnableBkUpAccess
 .text.HAL_PWREx_GetVoltageRange
                0x0000000008002600       0x18 ./Drivers/STM32WLxx_HAL_Driver/Src/stm32wlxx_hal_pwr_ex.o
                0x0000000008002600                HAL_PWREx_GetVoltageRange
 .text.LL_PWR_IsEnabledBkUpAccess
                0x0000000008002618       0x24 ./Drivers/STM32WLxx_HAL_Driver/Src/stm32wlxx_hal_rcc.o
 .text.LL_RCC_HSE_EnableTcxo
                0x000000000800263c       0x1c ./Drivers/STM32WLxx_HAL_Driver/Src/stm32wlxx_hal_rcc.o
 .text.LL_RCC_HSE_DisableTcxo
                0x0000000008002658       0x1c ./Drivers/STM32WLxx_HAL_Driver/Src/stm32wlxx_hal_rcc.o
 .text.LL_RCC_HSE_IsEnabledDiv2
                0x0000000008002674       0x22 ./Drivers/STM32WLxx_HAL_Driver/Src/stm32wlxx_hal_rcc.o
 .text.LL_RCC_HSE_Enable
                0x0000000008002696       0x1c ./Drivers/STM32WLxx_HAL_Driver/Src/stm32wlxx_hal_rcc.o
 .text.LL_RCC_HSE_Disable
                0x00000000080026b2       0x1c ./Drivers/STM32WLxx_HAL_Driver/Src/stm32wlxx_hal_rcc.o
 .text.LL_RCC_HSE_IsReady
                0x00000000080026ce       0x22 ./Drivers/STM32WLxx_HAL_Driver/Src/stm32wlxx_hal_rcc.o
 .text.LL_RCC_HSI_Enable
                0x00000000080026f0       0x1c ./Drivers/STM32WLxx_HAL_Driver/Src/stm32wlxx_hal_rcc.o
 .text.LL_RCC_HSI_Disable
                0x000000000800270c       0x1c ./Drivers/STM32WLxx_HAL_Driver/Src/stm32wlxx_hal_rcc.o
 .text.LL_RCC_HSI_IsReady
                0x0000000008002728       0x22 ./Drivers/STM32WLxx_HAL_Driver/Src/stm32wlxx_hal_rcc.o
 .text.LL_RCC_HSI_SetCalibTrimming
                0x000000000800274a       0x28 ./Drivers/STM32WLxx_HAL_Driver/Src/stm32wlxx_hal_rcc.o
 .text.LL_RCC_LSE_IsReady
                0x0000000008002772       0x22 ./Drivers/STM32WLxx_HAL_Driver/Src/stm32wlxx_hal_rcc.o
 .text.LL_RCC_LSI_Enable
                0x0000000008002794       0x20 ./Drivers/STM32WLxx_HAL_Driver/Src/stm32wlxx_hal_rcc.o
 .text.LL_RCC_LSI_Disable
                0x00000000080027b4       0x20 ./Drivers/STM32WLxx_HAL_Driver/Src/stm32wlxx_hal_rcc.o
 .text.LL_RCC_LSI_IsReady
                0x00000000080027d4       0x22 ./Drivers/STM32WLxx_HAL_Driver/Src/stm32wlxx_hal_rcc.o
 .text.LL_RCC_MSI_Enable
                0x00000000080027f6       0x1c ./Drivers/STM32WLxx_HAL_Driver/Src/stm32wlxx_hal_rcc.o
 .text.LL_RCC_MSI_Disable
                0x0000000008002812       0x1c ./Drivers/STM32WLxx_HAL_Driver/Src/stm32wlxx_hal_rcc.o
 .text.LL_RCC_MSI_IsReady
                0x000000000800282e       0x20 ./Drivers/STM32WLxx_HAL_Driver/Src/stm32wlxx_hal_rcc.o
 .text.LL_RCC_MSI_IsEnabledRangeSelect
                0x000000000800284e       0x20 ./Drivers/STM32WLxx_HAL_Driver/Src/stm32wlxx_hal_rcc.o
 .text.LL_RCC_MSI_GetRange
                0x000000000800286e       0x16 ./Drivers/STM32WLxx_HAL_Driver/Src/stm32wlxx_hal_rcc.o
 .text.LL_RCC_MSI_GetRangeAfterStandby
                0x0000000008002884       0x18 ./Drivers/STM32WLxx_HAL_Driver/Src/stm32wlxx_hal_rcc.o
 .text.LL_RCC_MSI_SetCalibTrimming
                0x000000000800289c       0x28 ./Drivers/STM32WLxx_HAL_Driver/Src/stm32wlxx_hal_rcc.o
 .text.LL_RCC_SetSysClkSource
                0x00000000080028c4       0x26 ./Drivers/STM32WLxx_HAL_Driver/Src/stm32wlxx_hal_rcc.o
 .text.LL_RCC_GetSysClkSource
                0x00000000080028ea       0x16 ./Drivers/STM32WLxx_HAL_Driver/Src/stm32wlxx_hal_rcc.o
 .text.LL_RCC_SetAHBPrescaler
                0x0000000008002900       0x26 ./Drivers/STM32WLxx_HAL_Driver/Src/stm32wlxx_hal_rcc.o
 .text.LL_C2_RCC_SetAHBPrescaler
                0x0000000008002926       0x2a ./Drivers/STM32WLxx_HAL_Driver/Src/stm32wlxx_hal_rcc.o
 .text.LL_RCC_SetAHB3Prescaler
                0x0000000008002950       0x2c ./Drivers/STM32WLxx_HAL_Driver/Src/stm32wlxx_hal_rcc.o
 .text.LL_RCC_SetAPB1Prescaler
                0x000000000800297c       0x26 ./Drivers/STM32WLxx_HAL_Driver/Src/stm32wlxx_hal_rcc.o
 .text.LL_RCC_SetAPB2Prescaler
                0x00000000080029a2       0x26 ./Drivers/STM32WLxx_HAL_Driver/Src/stm32wlxx_hal_rcc.o
 .text.LL_RCC_GetAHBPrescaler
                0x00000000080029c8       0x16 ./Drivers/STM32WLxx_HAL_Driver/Src/stm32wlxx_hal_rcc.o
 .text.LL_RCC_GetAHB3Prescaler
                0x00000000080029de       0x1a ./Drivers/STM32WLxx_HAL_Driver/Src/stm32wlxx_hal_rcc.o
 .text.LL_RCC_GetAPB1Prescaler
                0x00000000080029f8       0x16 ./Drivers/STM32WLxx_HAL_Driver/Src/stm32wlxx_hal_rcc.o
 .text.LL_RCC_GetAPB2Prescaler
                0x0000000008002a0e       0x16 ./Drivers/STM32WLxx_HAL_Driver/Src/stm32wlxx_hal_rcc.o
 .text.LL_RCC_PLL_Enable
                0x0000000008002a24       0x1c ./Drivers/STM32WLxx_HAL_Driver/Src/stm32wlxx_hal_rcc.o
 .text.LL_RCC_PLL_Disable
                0x0000000008002a40       0x1c ./Drivers/STM32WLxx_HAL_Driver/Src/stm32wlxx_hal_rcc.o
 .text.LL_RCC_PLL_IsReady
                0x0000000008002a5c       0x22 ./Drivers/STM32WLxx_HAL_Driver/Src/stm32wlxx_hal_rcc.o
 .text.LL_RCC_PLL_GetN
                0x0000000008002a7e       0x18 ./Drivers/STM32WLxx_HAL_Driver/Src/stm32wlxx_hal_rcc.o
 .text.LL_RCC_PLL_GetR
                0x0000000008002a96       0x16 ./Drivers/STM32WLxx_HAL_Driver/Src/stm32wlxx_hal_rcc.o
 .text.LL_RCC_PLL_GetDivider
                0x0000000008002aac       0x16 ./Drivers/STM32WLxx_HAL_Driver/Src/stm32wlxx_hal_rcc.o
 .text.LL_RCC_PLL_GetMainSource
                0x0000000008002ac2       0x16 ./Drivers/STM32WLxx_HAL_Driver/Src/stm32wlxx_hal_rcc.o
 .text.LL_RCC_IsActiveFlag_HPRE
                0x0000000008002ad8       0x22 ./Drivers/STM32WLxx_HAL_Driver/Src/stm32wlxx_hal_rcc.o
 .text.LL_RCC_IsActiveFlag_C2HPRE
                0x0000000008002afa       0x24 ./Drivers/STM32WLxx_HAL_Driver/Src/stm32wlxx_hal_rcc.o
 .text.LL_RCC_IsActiveFlag_SHDHPRE
                0x0000000008002b1e       0x24 ./Drivers/STM32WLxx_HAL_Driver/Src/stm32wlxx_hal_rcc.o
 .text.LL_RCC_IsActiveFlag_PPRE1
                0x0000000008002b42       0x22 ./Drivers/STM32WLxx_HAL_Driver/Src/stm32wlxx_hal_rcc.o
 .text.LL_RCC_IsActiveFlag_PPRE2
                0x0000000008002b64       0x22 ./Drivers/STM32WLxx_HAL_Driver/Src/stm32wlxx_hal_rcc.o
 *fill*         0x0000000008002b86        0x2 
 .text.HAL_RCC_OscConfig
                0x0000000008002b88      0x704 ./Drivers/STM32WLxx_HAL_Driver/Src/stm32wlxx_hal_rcc.o
                0x0000000008002b88                HAL_RCC_OscConfig
 .text.HAL_RCC_ClockConfig
                0x000000000800328c      0x284 ./Drivers/STM32WLxx_HAL_Driver/Src/stm32wlxx_hal_rcc.o
                0x000000000800328c                HAL_RCC_ClockConfig
 .text.HAL_RCC_GetSysClockFreq
                0x0000000008003510      0x140 ./Drivers/STM32WLxx_HAL_Driver/Src/stm32wlxx_hal_rcc.o
                0x0000000008003510                HAL_RCC_GetSysClockFreq
 .text.HAL_RCC_GetHCLKFreq
                0x0000000008003650       0x28 ./Drivers/STM32WLxx_HAL_Driver/Src/stm32wlxx_hal_rcc.o
                0x0000000008003650                HAL_RCC_GetHCLKFreq
 .text.HAL_RCC_GetPCLK1Freq
                0x0000000008003678       0x24 ./Drivers/STM32WLxx_HAL_Driver/Src/stm32wlxx_hal_rcc.o
                0x0000000008003678                HAL_RCC_GetPCLK1Freq
 .text.HAL_RCC_GetPCLK2Freq
                0x000000000800369c       0x24 ./Drivers/STM32WLxx_HAL_Driver/Src/stm32wlxx_hal_rcc.o
                0x000000000800369c                HAL_RCC_GetPCLK2Freq
 .text.RCC_SetFlashLatencyFromMSIRange
                0x00000000080036c0       0x60 ./Drivers/STM32WLxx_HAL_Driver/Src/stm32wlxx_hal_rcc.o
 .text.RCC_SetFlashLatency
                0x0000000008003720      0x104 ./Drivers/STM32WLxx_HAL_Driver/Src/stm32wlxx_hal_rcc.o
 .text.LL_RCC_LSE_IsReady
                0x0000000008003824       0x22 ./Drivers/STM32WLxx_HAL_Driver/Src/stm32wlxx_hal_rcc_ex.o
 .text.LL_RCC_SetUSARTClockSource
                0x0000000008003846       0x30 ./Drivers/STM32WLxx_HAL_Driver/Src/stm32wlxx_hal_rcc_ex.o
 .text.LL_RCC_SetI2SClockSource
                0x0000000008003876       0x2a ./Drivers/STM32WLxx_HAL_Driver/Src/stm32wlxx_hal_rcc_ex.o
 .text.LL_RCC_SetLPUARTClockSource
                0x00000000080038a0       0x2a ./Drivers/STM32WLxx_HAL_Driver/Src/stm32wlxx_hal_rcc_ex.o
 .text.LL_RCC_SetI2CClockSource
                0x00000000080038ca       0x38 ./Drivers/STM32WLxx_HAL_Driver/Src/stm32wlxx_hal_rcc_ex.o
 .text.LL_RCC_SetLPTIMClockSource
                0x0000000008003902       0x32 ./Drivers/STM32WLxx_HAL_Driver/Src/stm32wlxx_hal_rcc_ex.o
 .text.LL_RCC_SetRNGClockSource
                0x0000000008003934       0x2a ./Drivers/STM32WLxx_HAL_Driver/Src/stm32wlxx_hal_rcc_ex.o
 .text.LL_RCC_SetADCClockSource
                0x000000000800395e       0x2a ./Drivers/STM32WLxx_HAL_Driver/Src/stm32wlxx_hal_rcc_ex.o
 .text.LL_RCC_SetRTCClockSource
                0x0000000008003988       0x2a ./Drivers/STM32WLxx_HAL_Driver/Src/stm32wlxx_hal_rcc_ex.o
 .text.LL_RCC_GetRTCClockSource
                0x00000000080039b2       0x18 ./Drivers/STM32WLxx_HAL_Driver/Src/stm32wlxx_hal_rcc_ex.o
 .text.LL_RCC_ForceBackupDomainReset
                0x00000000080039ca       0x20 ./Drivers/STM32WLxx_HAL_Driver/Src/stm32wlxx_hal_rcc_ex.o
 .text.LL_RCC_ReleaseBackupDomainReset
                0x00000000080039ea       0x20 ./Drivers/STM32WLxx_HAL_Driver/Src/stm32wlxx_hal_rcc_ex.o
 *fill*         0x0000000008003a0a        0x2 
 .text.HAL_RCCEx_PeriphCLKConfig
                0x0000000008003a0c      0x234 ./Drivers/STM32WLxx_HAL_Driver/Src/stm32wlxx_hal_rcc_ex.o
                0x0000000008003a0c                HAL_RCCEx_PeriphCLKConfig
 .text.HAL_SPI_Init
                0x0000000008003c40      0x1a8 ./Drivers/STM32WLxx_HAL_Driver/Src/stm32wlxx_hal_spi.o
                0x0000000008003c40                HAL_SPI_Init
 .text.HAL_SPI_Transmit
                0x0000000008003de8      0x320 ./Drivers/STM32WLxx_HAL_Driver/Src/stm32wlxx_hal_spi.o
                0x0000000008003de8                HAL_SPI_Transmit
 .text.HAL_SPI_Receive
                0x0000000008004108      0x3d2 ./Drivers/STM32WLxx_HAL_Driver/Src/stm32wlxx_hal_spi.o
                0x0000000008004108                HAL_SPI_Receive
 .text.HAL_SPI_TransmitReceive
                0x00000000080044da      0x5c8 ./Drivers/STM32WLxx_HAL_Driver/Src/stm32wlxx_hal_spi.o
                0x00000000080044da                HAL_SPI_TransmitReceive
 *fill*         0x0000000008004aa2        0x2 
 .text.SPI_WaitFlagStateUntilTimeout
                0x0000000008004aa4      0x110 ./Drivers/STM32WLxx_HAL_Driver/Src/stm32wlxx_hal_spi.o
 .text.SPI_WaitFifoStateUntilTimeout
                0x0000000008004bb4      0x12c ./Drivers/STM32WLxx_HAL_Driver/Src/stm32wlxx_hal_spi.o
 .text.SPI_EndRxTransaction
                0x0000000008004ce0       0xb0 ./Drivers/STM32WLxx_HAL_Driver/Src/stm32wlxx_hal_spi.o
 .text.SPI_EndRxTxTransaction
                0x0000000008004d90       0x8c ./Drivers/STM32WLxx_HAL_Driver/Src/stm32wlxx_hal_spi.o
 .text.HAL_TIM_Base_Init
                0x0000000008004e1c       0xae ./Drivers/STM32WLxx_HAL_Driver/Src/stm32wlxx_hal_tim.o
                0x0000000008004e1c                HAL_TIM_Base_Init
 *fill*         0x0000000008004eca        0x2 
 .text.HAL_TIM_Base_Start
                0x0000000008004ecc       0x88 ./Drivers/STM32WLxx_HAL_Driver/Src/stm32wlxx_hal_tim.o
                0x0000000008004ecc                HAL_TIM_Base_Start
 .text.HAL_TIM_ConfigClockSource
                0x0000000008004f54      0x192 ./Drivers/STM32WLxx_HAL_Driver/Src/stm32wlxx_hal_tim.o
                0x0000000008004f54                HAL_TIM_ConfigClockSource
 *fill*         0x00000000080050e6        0x2 
 .text.TIM_Base_SetConfig
                0x00000000080050e8       0xc4 ./Drivers/STM32WLxx_HAL_Driver/Src/stm32wlxx_hal_tim.o
                0x00000000080050e8                TIM_Base_SetConfig
 .text.TIM_TI1_ConfigInputStage
                0x00000000080051ac       0x5c ./Drivers/STM32WLxx_HAL_Driver/Src/stm32wlxx_hal_tim.o
 .text.TIM_TI2_ConfigInputStage
                0x0000000008005208       0x5e ./Drivers/STM32WLxx_HAL_Driver/Src/stm32wlxx_hal_tim.o
 .text.TIM_ITRx_SetConfig
                0x0000000008005266       0x38 ./Drivers/STM32WLxx_HAL_Driver/Src/stm32wlxx_hal_tim.o
 .text.TIM_ETR_SetConfig
                0x000000000800529e       0x3e ./Drivers/STM32WLxx_HAL_Driver/Src/stm32wlxx_hal_tim.o
                0x000000000800529e                TIM_ETR_SetConfig
 .text.HAL_TIMEx_MasterConfigSynchronization
                0x00000000080052dc       0xbc ./Drivers/STM32WLxx_HAL_Driver/Src/stm32wlxx_hal_tim_ex.o
                0x00000000080052dc                HAL_TIMEx_MasterConfigSynchronization
 .text.LL_RCC_GetUSARTClockSource
                0x0000000008005398       0x24 ./Drivers/STM32WLxx_HAL_Driver/Src/stm32wlxx_hal_uart.o
 .text.LL_RCC_GetLPUARTClockSource
                0x00000000080053bc       0x1e ./Drivers/STM32WLxx_HAL_Driver/Src/stm32wlxx_hal_uart.o
 .text.HAL_UART_Init
                0x00000000080053da       0xa0 ./Drivers/STM32WLxx_HAL_Driver/Src/stm32wlxx_hal_uart.o
                0x00000000080053da                HAL_UART_Init
 .text.HAL_UART_Transmit
                0x000000000800547a      0x10c ./Drivers/STM32WLxx_HAL_Driver/Src/stm32wlxx_hal_uart.o
                0x000000000800547a                HAL_UART_Transmit
 *fill*         0x0000000008005586        0x2 
 .text.UART_SetConfig
                0x0000000008005588      0x4e8 ./Drivers/STM32WLxx_HAL_Driver/Src/stm32wlxx_hal_uart.o
                0x0000000008005588                UART_SetConfig
 .text.UART_AdvFeatureConfig
                0x0000000008005a70      0x142 ./Drivers/STM32WLxx_HAL_Driver/Src/stm32wlxx_hal_uart.o
                0x0000000008005a70                UART_AdvFeatureConfig
 .text.UART_CheckIdleState
                0x0000000008005bb2       0x9c ./Drivers/STM32WLxx_HAL_Driver/Src/stm32wlxx_hal_uart.o
                0x0000000008005bb2                UART_CheckIdleState
 .text.UART_WaitOnFlagUntilTimeout
                0x0000000008005c4e      0x190 ./Drivers/STM32WLxx_HAL_Driver/Src/stm32wlxx_hal_uart.o
                0x0000000008005c4e                UART_WaitOnFlagUntilTimeout
 .text.HAL_UARTEx_DisableFifoMode
                0x0000000008005dde       0x70 ./Drivers/STM32WLxx_HAL_Driver/Src/stm32wlxx_hal_uart_ex.o
                0x0000000008005dde                HAL_UARTEx_DisableFifoMode
 .text.HAL_UARTEx_SetTxFifoThreshold
                0x0000000008005e4e       0x7c ./Drivers/STM32WLxx_HAL_Driver/Src/stm32wlxx_hal_uart_ex.o
                0x0000000008005e4e                HAL_UARTEx_SetTxFifoThreshold
 .text.HAL_UARTEx_SetRxFifoThreshold
                0x0000000008005eca       0x7c ./Drivers/STM32WLxx_HAL_Driver/Src/stm32wlxx_hal_uart_ex.o
                0x0000000008005eca                HAL_UARTEx_SetRxFifoThreshold
 *fill*         0x0000000008005f46        0x2 
 .text.UARTEx_SetNbDataToProcess
                0x0000000008005f48       0x98 ./Drivers/STM32WLxx_HAL_Driver/Src/stm32wlxx_hal_uart_ex.o
 .text.__libc_init_array
                0x0000000008005fe0       0x48 c:/st/stm32cubeide_1.11.0/stm32cubeide/plugins/com.st.stm32cube.ide.mcu.externaltools.gnu-tools-for-stm32.10.3-2021.10.win32_1.0.100.202210260954/tools/bin/../lib/gcc/arm-none-eabi/10.3.1/../../../../arm-none-eabi/lib/thumb/v7e-m/nofp\libc_nano.a(lib_a-init.o)
                0x0000000008005fe0                __libc_init_array
 .text.memset   0x0000000008006028       0x10 c:/st/stm32cubeide_1.11.0/stm32cubeide/plugins/com.st.stm32cube.ide.mcu.externaltools.gnu-tools-for-stm32.10.3-2021.10.win32_1.0.100.202210260954/tools/bin/../lib/gcc/arm-none-eabi/10.3.1/../../../../arm-none-eabi/lib/thumb/v7e-m/nofp\libc_nano.a(lib_a-memset.o)
                0x0000000008006028                memset
 *(.glue_7)
 .glue_7        0x0000000008006038        0x0 linker stubs
 *(.glue_7t)
 .glue_7t       0x0000000008006038        0x0 linker stubs
 *(.eh_frame)
 .eh_frame      0x0000000008006038        0x0 c:/st/stm32cubeide_1.11.0/stm32cubeide/plugins/com.st.stm32cube.ide.mcu.externaltools.gnu-tools-for-stm32.10.3-2021.10.win32_1.0.100.202210260954/tools/bin/../lib/gcc/arm-none-eabi/10.3.1/thumb/v7e-m/nofp/crtbegin.o
 *(.init)
 .init          0x0000000008006038        0x4 c:/st/stm32cubeide_1.11.0/stm32cubeide/plugins/com.st.stm32cube.ide.mcu.externaltools.gnu-tools-for-stm32.10.3-2021.10.win32_1.0.100.202210260954/tools/bin/../lib/gcc/arm-none-eabi/10.3.1/thumb/v7e-m/nofp/crti.o
                0x0000000008006038                _init
 .init          0x000000000800603c        0x8 c:/st/stm32cubeide_1.11.0/stm32cubeide/plugins/com.st.stm32cube.ide.mcu.externaltools.gnu-tools-for-stm32.10.3-2021.10.win32_1.0.100.202210260954/tools/bin/../lib/gcc/arm-none-eabi/10.3.1/thumb/v7e-m/nofp/crtn.o
 *(.fini)
 .fini          0x0000000008006044        0x4 c:/st/stm32cubeide_1.11.0/stm32cubeide/plugins/com.st.stm32cube.ide.mcu.externaltools.gnu-tools-for-stm32.10.3-2021.10.win32_1.0.100.202210260954/tools/bin/../lib/gcc/arm-none-eabi/10.3.1/thumb/v7e-m/nofp/crti.o
                0x0000000008006044                _fini
 .fini          0x0000000008006048        0x8 c:/st/stm32cubeide_1.11.0/stm32cubeide/plugins/com.st.stm32cube.ide.mcu.externaltools.gnu-tools-for-stm32.10.3-2021.10.win32_1.0.100.202210260954/tools/bin/../lib/gcc/arm-none-eabi/10.3.1/thumb/v7e-m/nofp/crtn.o
                0x0000000008006050                . = ALIGN (0x4)
                0x0000000008006050                _etext = .

.vfp11_veneer   0x0000000008006050        0x0
 .vfp11_veneer  0x0000000008006050        0x0 linker stubs

.v4_bx          0x0000000008006050        0x0
 .v4_bx         0x0000000008006050        0x0 linker stubs

.iplt           0x0000000008006050        0x0
 .iplt          0x0000000008006050        0x0 c:/st/stm32cubeide_1.11.0/stm32cubeide/plugins/com.st.stm32cube.ide.mcu.externaltools.gnu-tools-for-stm32.10.3-2021.10.win32_1.0.100.202210260954/tools/bin/../lib/gcc/arm-none-eabi/10.3.1/thumb/v7e-m/nofp/crtbegin.o

.rodata         0x0000000008006050      0xd24
                0x0000000008006050                . = ALIGN (0x4)
 *(.rodata)
 .rodata        0x0000000008006050       0x1c ./Drivers/STM32WLxx_HAL_Driver/Src/stm32wlxx_hal_rcc.o
 *(.rodata*)
 .rodata.OV2640_QVGA
                0x000000000800606c      0x308 ./Core/Src/ArduCAM.o
                0x000000000800606c                OV2640_QVGA
 .rodata.OV2640_JPEG_INIT
                0x0000000008006374      0x2fc ./Core/Src/ArduCAM.o
                0x0000000008006374                OV2640_JPEG_INIT
 .rodata.OV2640_YUV422
                0x0000000008006670       0x28 ./Core/Src/ArduCAM.o
                0x0000000008006670                OV2640_YUV422
 .rodata.OV2640_JPEG
                0x0000000008006698       0x24 ./Core/Src/ArduCAM.o
                0x0000000008006698                OV2640_JPEG
 .rodata.OV2640_160x120_JPEG
                0x00000000080066bc       0xa0 ./Core/Src/ArduCAM.o
                0x00000000080066bc                OV2640_160x120_JPEG
 .rodata.OV2640_176x144_JPEG
                0x000000000800675c       0xa0 ./Core/Src/ArduCAM.o
                0x000000000800675c                OV2640_176x144_JPEG
 .rodata.OV2640_320x240_JPEG
                0x00000000080067fc       0xa0 ./Core/Src/ArduCAM.o
                0x00000000080067fc                OV2640_320x240_JPEG
 .rodata.OV2640_352x288_JPEG
                0x000000000800689c       0xa0 ./Core/Src/ArduCAM.o
                0x000000000800689c                OV2640_352x288_JPEG
 .rodata.OV2640_640x480_JPEG
                0x000000000800693c       0xa4 ./Core/Src/ArduCAM.o
                0x000000000800693c                OV2640_640x480_JPEG
 .rodata.OV2640_800x600_JPEG
                0x00000000080069e0       0xa4 ./Core/Src/ArduCAM.o
                0x00000000080069e0                OV2640_800x600_JPEG
 .rodata.OV2640_1024x768_JPEG
                0x0000000008006a84       0x9c ./Core/Src/ArduCAM.o
                0x0000000008006a84                OV2640_1024x768_JPEG
 .rodata.OV2640_1280x1024_JPEG
                0x0000000008006b20       0xa4 ./Core/Src/ArduCAM.o
                0x0000000008006b20                OV2640_1280x1024_JPEG
 .rodata.OV2640_1600x1200_JPEG
                0x0000000008006bc4       0xa4 ./Core/Src/ArduCAM.o
                0x0000000008006bc4                OV2640_1600x1200_JPEG
 .rodata.bmp_header
                0x0000000008006c68       0x42 ./Core/Src/spi.o
                0x0000000008006c68                bmp_header
 *fill*         0x0000000008006caa        0x2 
 .rodata.AHBPrescTable
                0x0000000008006cac       0x40 ./Core/Src/system_stm32wlxx.o
                0x0000000008006cac                AHBPrescTable
 .rodata.APBPrescTable
                0x0000000008006cec       0x20 ./Core/Src/system_stm32wlxx.o
                0x0000000008006cec                APBPrescTable
 .rodata.MSIRangeTable
                0x0000000008006d0c       0x40 ./Core/Src/system_stm32wlxx.o
                0x0000000008006d0c                MSIRangeTable
 .rodata.UARTPrescTable
                0x0000000008006d4c       0x18 ./Drivers/STM32WLxx_HAL_Driver/Src/stm32wlxx_hal_uart.o
                0x0000000008006d4c                UARTPrescTable
 .rodata.numerator.1
                0x0000000008006d64        0x8 ./Drivers/STM32WLxx_HAL_Driver/Src/stm32wlxx_hal_uart_ex.o
 .rodata.denominator.0
                0x0000000008006d6c        0x8 ./Drivers/STM32WLxx_HAL_Driver/Src/stm32wlxx_hal_uart_ex.o
                0x0000000008006d74                . = ALIGN (0x4)

.ARM.extab      0x0000000008006d74        0x0
                0x0000000008006d74                . = ALIGN (0x4)
 *(.ARM.extab* .gnu.linkonce.armextab.*)
                0x0000000008006d74                . = ALIGN (0x4)

.ARM            0x0000000008006d74        0x8
                0x0000000008006d74                . = ALIGN (0x4)
                0x0000000008006d74                __exidx_start = .
 *(.ARM.exidx*)
 .ARM.exidx     0x0000000008006d74        0x8 c:/st/stm32cubeide_1.11.0/stm32cubeide/plugins/com.st.stm32cube.ide.mcu.externaltools.gnu-tools-for-stm32.10.3-2021.10.win32_1.0.100.202210260954/tools/bin/../lib/gcc/arm-none-eabi/10.3.1/thumb/v7e-m/nofp\libgcc.a(_udivmoddi4.o)
                0x0000000008006d7c                __exidx_end = .
                0x0000000008006d7c                . = ALIGN (0x4)

.rel.dyn        0x0000000008006d7c        0x0
 .rel.iplt      0x0000000008006d7c        0x0 c:/st/stm32cubeide_1.11.0/stm32cubeide/plugins/com.st.stm32cube.ide.mcu.externaltools.gnu-tools-for-stm32.10.3-2021.10.win32_1.0.100.202210260954/tools/bin/../lib/gcc/arm-none-eabi/10.3.1/thumb/v7e-m/nofp/crtbegin.o

.preinit_array  0x0000000008006d7c        0x0
                0x0000000008006d7c                . = ALIGN (0x4)
                0x0000000008006d7c                PROVIDE (__preinit_array_start = .)
 *(.preinit_array*)
                0x0000000008006d7c                PROVIDE (__preinit_array_end = .)
                0x0000000008006d7c                . = ALIGN (0x4)

.init_array     0x0000000008006d7c        0x4
                0x0000000008006d7c                . = ALIGN (0x4)
                0x0000000008006d7c                PROVIDE (__init_array_start = .)
 *(SORT_BY_NAME(.init_array.*))
 *(.init_array*)
 .init_array    0x0000000008006d7c        0x4 c:/st/stm32cubeide_1.11.0/stm32cubeide/plugins/com.st.stm32cube.ide.mcu.externaltools.gnu-tools-for-stm32.10.3-2021.10.win32_1.0.100.202210260954/tools/bin/../lib/gcc/arm-none-eabi/10.3.1/thumb/v7e-m/nofp/crtbegin.o
                0x0000000008006d80                PROVIDE (__init_array_end = .)
                0x0000000008006d80                . = ALIGN (0x4)

.fini_array     0x0000000008006d80        0x4
                0x0000000008006d80                . = ALIGN (0x4)
                [!provide]                        PROVIDE (__fini_array_start = .)
 *(SORT_BY_NAME(.fini_array.*))
 *(.fini_array*)
 .fini_array    0x0000000008006d80        0x4 c:/st/stm32cubeide_1.11.0/stm32cubeide/plugins/com.st.stm32cube.ide.mcu.externaltools.gnu-tools-for-stm32.10.3-2021.10.win32_1.0.100.202210260954/tools/bin/../lib/gcc/arm-none-eabi/10.3.1/thumb/v7e-m/nofp/crtbegin.o
                [!provide]                        PROVIDE (__fini_array_end = .)
                0x0000000008006d84                . = ALIGN (0x4)
                0x0000000008006d84                _sidata = LOADADDR (.data)

.data           0x0000000020000000       0x10 load address 0x0000000008006d84
                0x0000000020000000                . = ALIGN (0x4)
                0x0000000020000000                _sdata = .
 *(.data)
 *(.data*)
 .data.m_fmt    0x0000000020000000        0x1 ./Core/Src/ArduCAM.o
                0x0000000020000000                m_fmt
 *fill*         0x0000000020000001        0x3 
 .data.SystemCoreClock
                0x0000000020000004        0x4 ./Core/Src/system_stm32wlxx.o
                0x0000000020000004                SystemCoreClock
 .data.uwTickPrio
                0x0000000020000008        0x4 ./Drivers/STM32WLxx_HAL_Driver/Src/stm32wlxx_hal.o
                0x0000000020000008                uwTickPrio
 .data.uwTickFreq
                0x000000002000000c        0x1 ./Drivers/STM32WLxx_HAL_Driver/Src/stm32wlxx_hal.o
                0x000000002000000c                uwTickFreq
 *(.RamFunc)
 *(.RamFunc*)
                0x0000000020000010                . = ALIGN (0x4)
 *fill*         0x000000002000000d        0x3 
                0x0000000020000010                _edata = .

.igot.plt       0x0000000020000010        0x0 load address 0x0000000008006d94
 .igot.plt      0x0000000020000010        0x0 c:/st/stm32cubeide_1.11.0/stm32cubeide/plugins/com.st.stm32cube.ide.mcu.externaltools.gnu-tools-for-stm32.10.3-2021.10.win32_1.0.100.202210260954/tools/bin/../lib/gcc/arm-none-eabi/10.3.1/thumb/v7e-m/nofp/crtbegin.o
                0x0000000020000010                . = ALIGN (0x4)

.bss            0x0000000020000010      0x2e8 load address 0x0000000008006d94
                0x0000000020000010                _sbss = .
                0x0000000020000010                __bss_start__ = _sbss
 *(.bss)
 .bss           0x0000000020000010       0x1c c:/st/stm32cubeide_1.11.0/stm32cubeide/plugins/com.st.stm32cube.ide.mcu.externaltools.gnu-tools-for-stm32.10.3-2021.10.win32_1.0.100.202210260954/tools/bin/../lib/gcc/arm-none-eabi/10.3.1/thumb/v7e-m/nofp/crtbegin.o
 *(.bss*)
 .bss.sensor_model
                0x000000002000002c        0x1 ./Core/Src/ArduCAM.o
                0x000000002000002c                sensor_model
 .bss.sensor_addr
                0x000000002000002d        0x1 ./Core/Src/ArduCAM.o
                0x000000002000002d                sensor_addr
 *fill*         0x000000002000002e        0x2 
 .bss.length    0x0000000020000030        0x4 ./Core/Src/ArduCAM.o
                0x0000000020000030                length
 .bss.hi2c3     0x0000000020000034       0x54 ./Core/Src/main.o
                0x0000000020000034                hi2c3
 .bss.hspi1     0x0000000020000088       0x64 ./Core/Src/main.o
                0x0000000020000088                hspi1
 .bss.hspi2     0x00000000200000ec       0x64 ./Core/Src/main.o
                0x00000000200000ec                hspi2
 .bss.hdma_spi2_rx
                0x0000000020000150       0x60 ./Core/Src/main.o
                0x0000000020000150                hdma_spi2_rx
 .bss.hdma_spi2_tx
                0x00000000200001b0       0x60 ./Core/Src/main.o
                0x00000000200001b0                hdma_spi2_tx
 .bss.htim1     0x0000000020000210       0x4c ./Core/Src/main.o
                0x0000000020000210                htim1
 .bss.huart2    0x000000002000025c       0x94 ./Core/Src/main.o
                0x000000002000025c                huart2
 .bss.sccb_state
                0x00000000200002f0        0x4 ./Core/Src/sccb_bus.o
                0x00000000200002f0                sccb_state
 .bss.uwTick    0x00000000200002f4        0x4 ./Drivers/STM32WLxx_HAL_Driver/Src/stm32wlxx_hal.o
                0x00000000200002f4                uwTick
 *(COMMON)
                0x00000000200002f8                . = ALIGN (0x4)
                0x00000000200002f8                _ebss = .
                0x00000000200002f8                __bss_end__ = _ebss

._user_heap_stack
                0x00000000200002f8      0x600 load address 0x0000000008006d94
                0x00000000200002f8                . = ALIGN (0x8)
                [!provide]                        PROVIDE (end = .)
                0x00000000200002f8                PROVIDE (_end = .)
                0x00000000200004f8                . = (. + _Min_Heap_Size)
 *fill*         0x00000000200002f8      0x200 
                0x00000000200008f8                . = (. + _Min_Stack_Size)
 *fill*         0x00000000200004f8      0x400 
                0x00000000200008f8                . = ALIGN (0x8)

/DISCARD/
 libc.a(*)
 libm.a(*)
 libgcc.a(*)

.ARM.attributes
                0x0000000000000000       0x2a
 *(.ARM.attributes)
 .ARM.attributes
                0x0000000000000000       0x1e c:/st/stm32cubeide_1.11.0/stm32cubeide/plugins/com.st.stm32cube.ide.mcu.externaltools.gnu-tools-for-stm32.10.3-2021.10.win32_1.0.100.202210260954/tools/bin/../lib/gcc/arm-none-eabi/10.3.1/thumb/v7e-m/nofp/crti.o
 .ARM.attributes
                0x000000000000001e       0x2e c:/st/stm32cubeide_1.11.0/stm32cubeide/plugins/com.st.stm32cube.ide.mcu.externaltools.gnu-tools-for-stm32.10.3-2021.10.win32_1.0.100.202210260954/tools/bin/../lib/gcc/arm-none-eabi/10.3.1/thumb/v7e-m/nofp/crtbegin.o
 .ARM.attributes
                0x000000000000004c       0x2e ./Core/Src/ArduCAM.o
 .ARM.attributes
                0x000000000000007a       0x2e ./Core/Src/delay.o
 .ARM.attributes
                0x00000000000000a8       0x2e ./Core/Src/main.o
 .ARM.attributes
                0x00000000000000d6       0x2e ./Core/Src/sccb_bus.o
 .ARM.attributes
                0x0000000000000104       0x2e ./Core/Src/spi.o
 .ARM.attributes
                0x0000000000000132       0x2e ./Core/Src/stm32wlxx_hal_msp.o
 .ARM.attributes
                0x0000000000000160       0x2e ./Core/Src/stm32wlxx_it.o
 .ARM.attributes
                0x000000000000018e       0x2e ./Core/Src/system_stm32wlxx.o
 .ARM.attributes
                0x00000000000001bc       0x21 ./Core/Startup/startup_stm32wl55jcix.o
 .ARM.attributes
                0x00000000000001dd       0x2e ./Drivers/STM32WLxx_HAL_Driver/Src/stm32wlxx_hal.o
 .ARM.attributes
                0x000000000000020b       0x2e ./Drivers/STM32WLxx_HAL_Driver/Src/stm32wlxx_hal_cortex.o
 .ARM.attributes
                0x0000000000000239       0x2e ./Drivers/STM32WLxx_HAL_Driver/Src/stm32wlxx_hal_dma.o
 .ARM.attributes
                0x0000000000000267       0x2e ./Drivers/STM32WLxx_HAL_Driver/Src/stm32wlxx_hal_gpio.o
 .ARM.attributes
                0x0000000000000295       0x2e ./Drivers/STM32WLxx_HAL_Driver/Src/stm32wlxx_hal_i2c.o
 .ARM.attributes
                0x00000000000002c3       0x2e ./Drivers/STM32WLxx_HAL_Driver/Src/stm32wlxx_hal_i2c_ex.o
 .ARM.attributes
                0x00000000000002f1       0x2e ./Drivers/STM32WLxx_HAL_Driver/Src/stm32wlxx_hal_pwr.o
 .ARM.attributes
                0x000000000000031f       0x2e ./Drivers/STM32WLxx_HAL_Driver/Src/stm32wlxx_hal_pwr_ex.o
 .ARM.attributes
                0x000000000000034d       0x2e ./Drivers/STM32WLxx_HAL_Driver/Src/stm32wlxx_hal_rcc.o
 .ARM.attributes
                0x000000000000037b       0x2e ./Drivers/STM32WLxx_HAL_Driver/Src/stm32wlxx_hal_rcc_ex.o
 .ARM.attributes
                0x00000000000003a9       0x2e ./Drivers/STM32WLxx_HAL_Driver/Src/stm32wlxx_hal_spi.o
 .ARM.attributes
                0x00000000000003d7       0x2e ./Drivers/STM32WLxx_HAL_Driver/Src/stm32wlxx_hal_tim.o
 .ARM.attributes
                0x0000000000000405       0x2e ./Drivers/STM32WLxx_HAL_Driver/Src/stm32wlxx_hal_tim_ex.o
 .ARM.attributes
                0x0000000000000433       0x2e ./Drivers/STM32WLxx_HAL_Driver/Src/stm32wlxx_hal_uart.o
 .ARM.attributes
                0x0000000000000461       0x2e ./Drivers/STM32WLxx_HAL_Driver/Src/stm32wlxx_hal_uart_ex.o
 .ARM.attributes
                0x000000000000048f       0x2e c:/st/stm32cubeide_1.11.0/stm32cubeide/plugins/com.st.stm32cube.ide.mcu.externaltools.gnu-tools-for-stm32.10.3-2021.10.win32_1.0.100.202210260954/tools/bin/../lib/gcc/arm-none-eabi/10.3.1/../../../../arm-none-eabi/lib/thumb/v7e-m/nofp\libc_nano.a(lib_a-init.o)
 .ARM.attributes
                0x00000000000004bd       0x2e c:/st/stm32cubeide_1.11.0/stm32cubeide/plugins/com.st.stm32cube.ide.mcu.externaltools.gnu-tools-for-stm32.10.3-2021.10.win32_1.0.100.202210260954/tools/bin/../lib/gcc/arm-none-eabi/10.3.1/../../../../arm-none-eabi/lib/thumb/v7e-m/nofp\libc_nano.a(lib_a-memset.o)
 .ARM.attributes
                0x00000000000004eb       0x1e c:/st/stm32cubeide_1.11.0/stm32cubeide/plugins/com.st.stm32cube.ide.mcu.externaltools.gnu-tools-for-stm32.10.3-2021.10.win32_1.0.100.202210260954/tools/bin/../lib/gcc/arm-none-eabi/10.3.1/thumb/v7e-m/nofp\libgcc.a(_aeabi_uldivmod.o)
 .ARM.attributes
                0x0000000000000509       0x2e c:/st/stm32cubeide_1.11.0/stm32cubeide/plugins/com.st.stm32cube.ide.mcu.externaltools.gnu-tools-for-stm32.10.3-2021.10.win32_1.0.100.202210260954/tools/bin/../lib/gcc/arm-none-eabi/10.3.1/thumb/v7e-m/nofp\libgcc.a(_udivmoddi4.o)
 .ARM.attributes
                0x0000000000000537       0x1e c:/st/stm32cubeide_1.11.0/stm32cubeide/plugins/com.st.stm32cube.ide.mcu.externaltools.gnu-tools-for-stm32.10.3-2021.10.win32_1.0.100.202210260954/tools/bin/../lib/gcc/arm-none-eabi/10.3.1/thumb/v7e-m/nofp\libgcc.a(_dvmd_tls.o)
 .ARM.attributes
                0x0000000000000555       0x1e c:/st/stm32cubeide_1.11.0/stm32cubeide/plugins/com.st.stm32cube.ide.mcu.externaltools.gnu-tools-for-stm32.10.3-2021.10.win32_1.0.100.202210260954/tools/bin/../lib/gcc/arm-none-eabi/10.3.1/thumb/v7e-m/nofp/crtn.o
OUTPUT(MyCameraTest.elf elf32-littlearm)
LOAD linker stubs
LOAD c:/st/stm32cubeide_1.11.0/stm32cubeide/plugins/com.st.stm32cube.ide.mcu.externaltools.gnu-tools-for-stm32.10.3-2021.10.win32_1.0.100.202210260954/tools/bin/../lib/gcc/arm-none-eabi/10.3.1/../../../../arm-none-eabi/lib/thumb/v7e-m/nofp\libc.a
LOAD c:/st/stm32cubeide_1.11.0/stm32cubeide/plugins/com.st.stm32cube.ide.mcu.externaltools.gnu-tools-for-stm32.10.3-2021.10.win32_1.0.100.202210260954/tools/bin/../lib/gcc/arm-none-eabi/10.3.1/../../../../arm-none-eabi/lib/thumb/v7e-m/nofp\libm.a
LOAD c:/st/stm32cubeide_1.11.0/stm32cubeide/plugins/com.st.stm32cube.ide.mcu.externaltools.gnu-tools-for-stm32.10.3-2021.10.win32_1.0.100.202210260954/tools/bin/../lib/gcc/arm-none-eabi/10.3.1/thumb/v7e-m/nofp\libgcc.a

.debug_info     0x0000000000000000    0x1cc25
 .debug_info    0x0000000000000000     0x108c ./Core/Src/ArduCAM.o
 .debug_info    0x000000000000108c      0x84a ./Core/Src/delay.o
 .debug_info    0x00000000000018d6     0x2154 ./Core/Src/main.o
 .debug_info    0x0000000000003a2a      0x3d4 ./Core/Src/sccb_bus.o
 .debug_info    0x0000000000003dfe      0xdbb ./Core/Src/spi.o
 .debug_info    0x0000000000004bb9     0x1a1e ./Core/Src/stm32wlxx_hal_msp.o
 .debug_info    0x00000000000065d7      0x535 ./Core/Src/stm32wlxx_it.o
 .debug_info    0x0000000000006b0c      0x566 ./Core/Src/system_stm32wlxx.o
 .debug_info    0x0000000000007072       0x22 ./Core/Startup/startup_stm32wl55jcix.o
 .debug_info    0x0000000000007094     0x1209 ./Drivers/STM32WLxx_HAL_Driver/Src/stm32wlxx_hal.o
 .debug_info    0x000000000000829d      0xdc3 ./Drivers/STM32WLxx_HAL_Driver/Src/stm32wlxx_hal_cortex.o
 .debug_info    0x0000000000009060      0x9af ./Drivers/STM32WLxx_HAL_Driver/Src/stm32wlxx_hal_dma.o
 .debug_info    0x0000000000009a0f      0x79c ./Drivers/STM32WLxx_HAL_Driver/Src/stm32wlxx_hal_gpio.o
 .debug_info    0x000000000000a1ab     0x23b8 ./Drivers/STM32WLxx_HAL_Driver/Src/stm32wlxx_hal_i2c.o
 .debug_info    0x000000000000c563      0x9b5 ./Drivers/STM32WLxx_HAL_Driver/Src/stm32wlxx_hal_i2c_ex.o
 .debug_info    0x000000000000cf18      0x912 ./Drivers/STM32WLxx_HAL_Driver/Src/stm32wlxx_hal_pwr.o
 .debug_info    0x000000000000d82a      0xe53 ./Drivers/STM32WLxx_HAL_Driver/Src/stm32wlxx_hal_pwr_ex.o
 .debug_info    0x000000000000e67d     0x14a8 ./Drivers/STM32WLxx_HAL_Driver/Src/stm32wlxx_hal_rcc.o
 .debug_info    0x000000000000fb25     0x102c ./Drivers/STM32WLxx_HAL_Driver/Src/stm32wlxx_hal_rcc_ex.o
 .debug_info    0x0000000000010b51     0x1ac6 ./Drivers/STM32WLxx_HAL_Driver/Src/stm32wlxx_hal_spi.o
 .debug_info    0x0000000000012617     0x2e62 ./Drivers/STM32WLxx_HAL_Driver/Src/stm32wlxx_hal_tim.o
 .debug_info    0x0000000000015479     0x1a2c ./Drivers/STM32WLxx_HAL_Driver/Src/stm32wlxx_hal_tim_ex.o
 .debug_info    0x0000000000016ea5     0x4cd9 ./Drivers/STM32WLxx_HAL_Driver/Src/stm32wlxx_hal_uart.o
 .debug_info    0x000000000001bb7e     0x10a7 ./Drivers/STM32WLxx_HAL_Driver/Src/stm32wlxx_hal_uart_ex.o

.debug_abbrev   0x0000000000000000     0x3795
 .debug_abbrev  0x0000000000000000      0x31b ./Core/Src/ArduCAM.o
 .debug_abbrev  0x000000000000031b      0x187 ./Core/Src/delay.o
 .debug_abbrev  0x00000000000004a2      0x343 ./Core/Src/main.o
 .debug_abbrev  0x00000000000007e5      0x1bd ./Core/Src/sccb_bus.o
 .debug_abbrev  0x00000000000009a2      0x237 ./Core/Src/spi.o
 .debug_abbrev  0x0000000000000bd9      0x272 ./Core/Src/stm32wlxx_hal_msp.o
 .debug_abbrev  0x0000000000000e4b      0x189 ./Core/Src/stm32wlxx_it.o
 .debug_abbrev  0x0000000000000fd4      0x138 ./Core/Src/system_stm32wlxx.o
 .debug_abbrev  0x000000000000110c       0x12 ./Core/Startup/startup_stm32wl55jcix.o
 .debug_abbrev  0x000000000000111e      0x334 ./Drivers/STM32WLxx_HAL_Driver/Src/stm32wlxx_hal.o
 .debug_abbrev  0x0000000000001452      0x2d5 ./Drivers/STM32WLxx_HAL_Driver/Src/stm32wlxx_hal_cortex.o
 .debug_abbrev  0x0000000000001727      0x21f ./Drivers/STM32WLxx_HAL_Driver/Src/stm32wlxx_hal_dma.o
 .debug_abbrev  0x0000000000001946      0x1d9 ./Drivers/STM32WLxx_HAL_Driver/Src/stm32wlxx_hal_gpio.o
 .debug_abbrev  0x0000000000001b1f      0x26d ./Drivers/STM32WLxx_HAL_Driver/Src/stm32wlxx_hal_i2c.o
 .debug_abbrev  0x0000000000001d8c      0x1bd ./Drivers/STM32WLxx_HAL_Driver/Src/stm32wlxx_hal_i2c_ex.o
 .debug_abbrev  0x0000000000001f49      0x203 ./Drivers/STM32WLxx_HAL_Driver/Src/stm32wlxx_hal_pwr.o
 .debug_abbrev  0x000000000000214c      0x2fa ./Drivers/STM32WLxx_HAL_Driver/Src/stm32wlxx_hal_pwr_ex.o
 .debug_abbrev  0x0000000000002446      0x324 ./Drivers/STM32WLxx_HAL_Driver/Src/stm32wlxx_hal_rcc.o
 .debug_abbrev  0x000000000000276a      0x2bd ./Drivers/STM32WLxx_HAL_Driver/Src/stm32wlxx_hal_rcc_ex.o
 .debug_abbrev  0x0000000000002a27      0x27e ./Drivers/STM32WLxx_HAL_Driver/Src/stm32wlxx_hal_spi.o
 .debug_abbrev  0x0000000000002ca5      0x275 ./Drivers/STM32WLxx_HAL_Driver/Src/stm32wlxx_hal_tim.o
 .debug_abbrev  0x0000000000002f1a      0x281 ./Drivers/STM32WLxx_HAL_Driver/Src/stm32wlxx_hal_tim_ex.o
 .debug_abbrev  0x000000000000319b      0x33d ./Drivers/STM32WLxx_HAL_Driver/Src/stm32wlxx_hal_uart.o
 .debug_abbrev  0x00000000000034d8      0x2bd ./Drivers/STM32WLxx_HAL_Driver/Src/stm32wlxx_hal_uart_ex.o

.debug_aranges  0x0000000000000000     0x1bf0
 .debug_aranges
                0x0000000000000000       0xf0 ./Core/Src/ArduCAM.o
 .debug_aranges
                0x00000000000000f0       0x28 ./Core/Src/delay.o
 .debug_aranges
                0x0000000000000118       0x80 ./Core/Src/main.o
 .debug_aranges
                0x0000000000000198       0x60 ./Core/Src/sccb_bus.o
 .debug_aranges
                0x00000000000001f8       0x28 ./Core/Src/spi.o
 .debug_aranges
                0x0000000000000220       0x88 ./Core/Src/stm32wlxx_hal_msp.o
 .debug_aranges
                0x00000000000002a8       0x70 ./Core/Src/stm32wlxx_it.o
 .debug_aranges
                0x0000000000000318       0x28 ./Core/Src/system_stm32wlxx.o
 .debug_aranges
                0x0000000000000340       0x28 ./Core/Startup/startup_stm32wl55jcix.o
 .debug_aranges
                0x0000000000000368      0x240 ./Drivers/STM32WLxx_HAL_Driver/Src/stm32wlxx_hal.o
 .debug_aranges
                0x00000000000005a8      0x118 ./Drivers/STM32WLxx_HAL_Driver/Src/stm32wlxx_hal_cortex.o
 .debug_aranges
                0x00000000000006c0       0xa0 ./Drivers/STM32WLxx_HAL_Driver/Src/stm32wlxx_hal_dma.o
 .debug_aranges
                0x0000000000000760       0x60 ./Drivers/STM32WLxx_HAL_Driver/Src/stm32wlxx_hal_gpio.o
 .debug_aranges
                0x00000000000007c0      0x2a0 ./Drivers/STM32WLxx_HAL_Driver/Src/stm32wlxx_hal_i2c.o
 .debug_aranges
                0x0000000000000a60       0x48 ./Drivers/STM32WLxx_HAL_Driver/Src/stm32wlxx_hal_i2c_ex.o
 .debug_aranges
                0x0000000000000aa8       0xc8 ./Drivers/STM32WLxx_HAL_Driver/Src/stm32wlxx_hal_pwr.o
 .debug_aranges
                0x0000000000000b70      0x200 ./Drivers/STM32WLxx_HAL_Driver/Src/stm32wlxx_hal_pwr_ex.o
 .debug_aranges
                0x0000000000000d70      0x230 ./Drivers/STM32WLxx_HAL_Driver/Src/stm32wlxx_hal_rcc.o
 .debug_aranges
                0x0000000000000fa0      0x1e8 ./Drivers/STM32WLxx_HAL_Driver/Src/stm32wlxx_hal_rcc_ex.o
 .debug_aranges
                0x0000000000001188      0x1f8 ./Drivers/STM32WLxx_HAL_Driver/Src/stm32wlxx_hal_spi.o
 .debug_aranges
                0x0000000000001380      0x3e0 ./Drivers/STM32WLxx_HAL_Driver/Src/stm32wlxx_hal_tim.o
 .debug_aranges
                0x0000000000001760      0x190 ./Drivers/STM32WLxx_HAL_Driver/Src/stm32wlxx_hal_tim_ex.o
 .debug_aranges
                0x00000000000018f0      0x258 ./Drivers/STM32WLxx_HAL_Driver/Src/stm32wlxx_hal_uart.o
 .debug_aranges
                0x0000000000001b48       0xa8 ./Drivers/STM32WLxx_HAL_Driver/Src/stm32wlxx_hal_uart_ex.o

.debug_ranges   0x0000000000000000     0x1aa8
 .debug_ranges  0x0000000000000000       0xe0 ./Core/Src/ArduCAM.o
 .debug_ranges  0x00000000000000e0       0x18 ./Core/Src/delay.o
 .debug_ranges  0x00000000000000f8       0x70 ./Core/Src/main.o
 .debug_ranges  0x0000000000000168       0x50 ./Core/Src/sccb_bus.o
 .debug_ranges  0x00000000000001b8       0x18 ./Core/Src/spi.o
 .debug_ranges  0x00000000000001d0       0x78 ./Core/Src/stm32wlxx_hal_msp.o
 .debug_ranges  0x0000000000000248       0x60 ./Core/Src/stm32wlxx_it.o
 .debug_ranges  0x00000000000002a8       0x18 ./Core/Src/system_stm32wlxx.o
 .debug_ranges  0x00000000000002c0       0x20 ./Core/Startup/startup_stm32wl55jcix.o
 .debug_ranges  0x00000000000002e0      0x230 ./Drivers/STM32WLxx_HAL_Driver/Src/stm32wlxx_hal.o
 .debug_ranges  0x0000000000000510      0x108 ./Drivers/STM32WLxx_HAL_Driver/Src/stm32wlxx_hal_cortex.o
 .debug_ranges  0x0000000000000618       0x90 ./Drivers/STM32WLxx_HAL_Driver/Src/stm32wlxx_hal_dma.o
 .debug_ranges  0x00000000000006a8       0x50 ./Drivers/STM32WLxx_HAL_Driver/Src/stm32wlxx_hal_gpio.o
 .debug_ranges  0x00000000000006f8      0x290 ./Drivers/STM32WLxx_HAL_Driver/Src/stm32wlxx_hal_i2c.o
 .debug_ranges  0x0000000000000988       0x38 ./Drivers/STM32WLxx_HAL_Driver/Src/stm32wlxx_hal_i2c_ex.o
 .debug_ranges  0x00000000000009c0       0xb8 ./Drivers/STM32WLxx_HAL_Driver/Src/stm32wlxx_hal_pwr.o
 .debug_ranges  0x0000000000000a78      0x1f0 ./Drivers/STM32WLxx_HAL_Driver/Src/stm32wlxx_hal_pwr_ex.o
 .debug_ranges  0x0000000000000c68      0x220 ./Drivers/STM32WLxx_HAL_Driver/Src/stm32wlxx_hal_rcc.o
 .debug_ranges  0x0000000000000e88      0x1d8 ./Drivers/STM32WLxx_HAL_Driver/Src/stm32wlxx_hal_rcc_ex.o
 .debug_ranges  0x0000000000001060      0x1e8 ./Drivers/STM32WLxx_HAL_Driver/Src/stm32wlxx_hal_spi.o
 .debug_ranges  0x0000000000001248      0x3d0 ./Drivers/STM32WLxx_HAL_Driver/Src/stm32wlxx_hal_tim.o
 .debug_ranges  0x0000000000001618      0x180 ./Drivers/STM32WLxx_HAL_Driver/Src/stm32wlxx_hal_tim_ex.o
 .debug_ranges  0x0000000000001798      0x278 ./Drivers/STM32WLxx_HAL_Driver/Src/stm32wlxx_hal_uart.o
 .debug_ranges  0x0000000000001a10       0x98 ./Drivers/STM32WLxx_HAL_Driver/Src/stm32wlxx_hal_uart_ex.o

.debug_macro    0x0000000000000000    0x1f965
 .debug_macro   0x0000000000000000      0x416 ./Core/Src/ArduCAM.o
 .debug_macro   0x0000000000000416      0xa72 ./Core/Src/ArduCAM.o
 .debug_macro   0x0000000000000e88       0x22 ./Core/Src/ArduCAM.o
 .debug_macro   0x0000000000000eaa      0x130 ./Core/Src/ArduCAM.o
 .debug_macro   0x0000000000000fda       0x2e ./Core/Src/ArduCAM.o
 .debug_macro   0x0000000000001008       0x3a ./Core/Src/ArduCAM.o
 .debug_macro   0x0000000000001042       0x22 ./Core/Src/ArduCAM.o
 .debug_macro   0x0000000000001064       0x8e ./Core/Src/ArduCAM.o
 .debug_macro   0x00000000000010f2       0x51 ./Core/Src/ArduCAM.o
 .debug_macro   0x0000000000001143      0x103 ./Core/Src/ArduCAM.o
 .debug_macro   0x0000000000001246       0x6a ./Core/Src/ArduCAM.o
 .debug_macro   0x00000000000012b0      0x1df ./Core/Src/ArduCAM.o
 .debug_macro   0x000000000000148f       0x1c ./Core/Src/ArduCAM.o
 .debug_macro   0x00000000000014ab       0x22 ./Core/Src/ArduCAM.o
 .debug_macro   0x00000000000014cd       0xfb ./Core/Src/ArduCAM.o
 .debug_macro   0x00000000000015c8     0x1011 ./Core/Src/ArduCAM.o
 .debug_macro   0x00000000000025d9      0x11f ./Core/Src/ArduCAM.o
 .debug_macro   0x00000000000026f8     0xf31a ./Core/Src/ArduCAM.o
 .debug_macro   0x0000000000011a12       0x6d ./Core/Src/ArduCAM.o
 .debug_macro   0x0000000000011a7f     0x341d ./Core/Src/ArduCAM.o
 .debug_macro   0x0000000000014e9c      0x174 ./Core/Src/ArduCAM.o
 .debug_macro   0x0000000000015010       0x5c ./Core/Src/ArduCAM.o
 .debug_macro   0x000000000001506c      0x416 ./Core/Src/ArduCAM.o
 .debug_macro   0x0000000000015482      0x29c ./Core/Src/ArduCAM.o
 .debug_macro   0x000000000001571e      0x35a ./Core/Src/ArduCAM.o
 .debug_macro   0x0000000000015a78      0x196 ./Core/Src/ArduCAM.o
 .debug_macro   0x0000000000015c0e       0x4a ./Core/Src/ArduCAM.o
 .debug_macro   0x0000000000015c58      0x236 ./Core/Src/ArduCAM.o
 .debug_macro   0x0000000000015e8e      0x229 ./Core/Src/ArduCAM.o
 .debug_macro   0x00000000000160b7      0x3fa ./Core/Src/ArduCAM.o
 .debug_macro   0x00000000000164b1       0x2e ./Core/Src/ArduCAM.o
 .debug_macro   0x00000000000164df      0x107 ./Core/Src/ArduCAM.o
 .debug_macro   0x00000000000165e6      0x1ba ./Core/Src/ArduCAM.o
 .debug_macro   0x00000000000167a0       0xe6 ./Core/Src/ArduCAM.o
 .debug_macro   0x0000000000016886      0x22c ./Core/Src/ArduCAM.o
 .debug_macro   0x0000000000016ab2       0x55 ./Core/Src/ArduCAM.o
 .debug_macro   0x0000000000016b07       0xa5 ./Core/Src/ArduCAM.o
 .debug_macro   0x0000000000016bac      0x283 ./Core/Src/ArduCAM.o
 .debug_macro   0x0000000000016e2f      0x133 ./Core/Src/ArduCAM.o
 .debug_macro   0x0000000000016f62      0x36f ./Core/Src/ArduCAM.o
 .debug_macro   0x00000000000172d1      0x683 ./Core/Src/ArduCAM.o
 .debug_macro   0x0000000000017954      0x20e ./Core/Src/ArduCAM.o
 .debug_macro   0x0000000000017b62      0xfb4 ./Core/Src/ArduCAM.o
 .debug_macro   0x0000000000018b16      0x136 ./Core/Src/ArduCAM.o
 .debug_macro   0x0000000000018c4c      0x2db ./Core/Src/ArduCAM.o
 .debug_macro   0x0000000000018f27      0x2fe ./Core/Src/ArduCAM.o
 .debug_macro   0x0000000000019225      0xac2 ./Core/Src/ArduCAM.o
 .debug_macro   0x0000000000019ce7       0xfa ./Core/Src/ArduCAM.o
 .debug_macro   0x0000000000019de1      0x693 ./Core/Src/ArduCAM.o
 .debug_macro   0x000000000001a474       0xa6 ./Core/Src/ArduCAM.o
 .debug_macro   0x000000000001a51a      0x45a ./Core/Src/ArduCAM.o
 .debug_macro   0x000000000001a974      0x3c0 ./Core/Src/ArduCAM.o
 .debug_macro   0x000000000001ad34       0x10 ./Core/Src/ArduCAM.o
 .debug_macro   0x000000000001ad44       0x52 ./Core/Src/ArduCAM.o
 .debug_macro   0x000000000001ad96       0x18 ./Core/Src/ArduCAM.o
 .debug_macro   0x000000000001adae       0x3c ./Core/Src/ArduCAM.o
 .debug_macro   0x000000000001adea       0x34 ./Core/Src/ArduCAM.o
 .debug_macro   0x000000000001ae1e       0x16 ./Core/Src/ArduCAM.o
 .debug_macro   0x000000000001ae34       0x35 ./Core/Src/ArduCAM.o
 .debug_macro   0x000000000001ae69      0x341 ./Core/Src/ArduCAM.o
 .debug_macro   0x000000000001b1aa       0x10 ./Core/Src/ArduCAM.o
 .debug_macro   0x000000000001b1ba       0x16 ./Core/Src/ArduCAM.o
 .debug_macro   0x000000000001b1d0       0x43 ./Core/Src/ArduCAM.o
 .debug_macro   0x000000000001b213       0x34 ./Core/Src/ArduCAM.o
 .debug_macro   0x000000000001b247       0x10 ./Core/Src/ArduCAM.o
 .debug_macro   0x000000000001b257       0x58 ./Core/Src/ArduCAM.o
 .debug_macro   0x000000000001b2af       0x71 ./Core/Src/ArduCAM.o
 .debug_macro   0x000000000001b320       0x1c ./Core/Src/ArduCAM.o
 .debug_macro   0x000000000001b33c      0x12a ./Core/Src/ArduCAM.o
 .debug_macro   0x000000000001b466       0x10 ./Core/Src/ArduCAM.o
 .debug_macro   0x000000000001b476       0x1c ./Core/Src/ArduCAM.o
 .debug_macro   0x000000000001b492       0x52 ./Core/Src/ArduCAM.o
 .debug_macro   0x000000000001b4e4       0x22 ./Core/Src/ArduCAM.o
 .debug_macro   0x000000000001b506       0x10 ./Core/Src/ArduCAM.o
 .debug_macro   0x000000000001b516       0x52 ./Core/Src/ArduCAM.o
 .debug_macro   0x000000000001b568       0xd5 ./Core/Src/ArduCAM.o
 .debug_macro   0x000000000001b63d       0x1c ./Core/Src/ArduCAM.o
 .debug_macro   0x000000000001b659       0x3d ./Core/Src/ArduCAM.o
 .debug_macro   0x000000000001b696       0x16 ./Core/Src/ArduCAM.o
 .debug_macro   0x000000000001b6ac      0x145 ./Core/Src/ArduCAM.o
 .debug_macro   0x000000000001b7f1      0x264 ./Core/Src/ArduCAM.o
 .debug_macro   0x000000000001ba55       0x22 ./Core/Src/ArduCAM.o
 .debug_macro   0x000000000001ba77       0x2e ./Core/Src/ArduCAM.o
 .debug_macro   0x000000000001baa5       0xac ./Core/Src/ArduCAM.o
 .debug_macro   0x000000000001bb51       0xbe ./Core/Src/ArduCAM.o
 .debug_macro   0x000000000001bc0f       0x16 ./Core/Src/ArduCAM.o
 .debug_macro   0x000000000001bc25      0x251 ./Core/Src/delay.o
 .debug_macro   0x000000000001be76      0x3fc ./Core/Src/main.o
 .debug_macro   0x000000000001c272      0x40b ./Core/Src/sccb_bus.o
 .debug_macro   0x000000000001c67d       0x28 ./Core/Src/sccb_bus.o
 .debug_macro   0x000000000001c6a5      0x412 ./Core/Src/spi.o
 .debug_macro   0x000000000001cab7       0x1c ./Core/Src/spi.o
 .debug_macro   0x000000000001cad3      0x3fc ./Core/Src/stm32wlxx_hal_msp.o
 .debug_macro   0x000000000001cecf      0x406 ./Core/Src/stm32wlxx_it.o
 .debug_macro   0x000000000001d2d5      0x247 ./Core/Src/system_stm32wlxx.o
 .debug_macro   0x000000000001d51c      0x26b ./Drivers/STM32WLxx_HAL_Driver/Src/stm32wlxx_hal.o
 .debug_macro   0x000000000001d787      0x247 ./Drivers/STM32WLxx_HAL_Driver/Src/stm32wlxx_hal_cortex.o
 .debug_macro   0x000000000001d9ce      0x247 ./Drivers/STM32WLxx_HAL_Driver/Src/stm32wlxx_hal_dma.o
 .debug_macro   0x000000000001dc15      0x24d ./Drivers/STM32WLxx_HAL_Driver/Src/stm32wlxx_hal_gpio.o
 .debug_macro   0x000000000001de62      0x313 ./Drivers/STM32WLxx_HAL_Driver/Src/stm32wlxx_hal_i2c.o
 .debug_macro   0x000000000001e175      0x247 ./Drivers/STM32WLxx_HAL_Driver/Src/stm32wlxx_hal_i2c_ex.o
 .debug_macro   0x000000000001e3bc      0x2a1 ./Drivers/STM32WLxx_HAL_Driver/Src/stm32wlxx_hal_pwr.o
 .debug_macro   0x000000000001e65d      0x259 ./Drivers/STM32WLxx_HAL_Driver/Src/stm32wlxx_hal_pwr_ex.o
 .debug_macro   0x000000000001e8b6      0x2a7 ./Drivers/STM32WLxx_HAL_Driver/Src/stm32wlxx_hal_rcc.o
 .debug_macro   0x000000000001eb5d      0x259 ./Drivers/STM32WLxx_HAL_Driver/Src/stm32wlxx_hal_rcc_ex.o
 .debug_macro   0x000000000001edb6      0x24f ./Drivers/STM32WLxx_HAL_Driver/Src/stm32wlxx_hal_spi.o
 .debug_macro   0x000000000001f005      0x248 ./Drivers/STM32WLxx_HAL_Driver/Src/stm32wlxx_hal_tim.o
 .debug_macro   0x000000000001f24d      0x253 ./Drivers/STM32WLxx_HAL_Driver/Src/stm32wlxx_hal_tim_ex.o
 .debug_macro   0x000000000001f4a0      0x272 ./Drivers/STM32WLxx_HAL_Driver/Src/stm32wlxx_hal_uart.o
 .debug_macro   0x000000000001f712      0x253 ./Drivers/STM32WLxx_HAL_Driver/Src/stm32wlxx_hal_uart_ex.o

.debug_line     0x0000000000000000    0x1df23
 .debug_line    0x0000000000000000      0xe38 ./Core/Src/ArduCAM.o
 .debug_line    0x0000000000000e38      0x7fc ./Core/Src/delay.o
 .debug_line    0x0000000000001634      0xd55 ./Core/Src/main.o
 .debug_line    0x0000000000002389      0xb62 ./Core/Src/sccb_bus.o
 .debug_line    0x0000000000002eeb      0xaad ./Core/Src/spi.o
 .debug_line    0x0000000000003998      0xc95 ./Core/Src/stm32wlxx_hal_msp.o
 .debug_line    0x000000000000462d      0xad8 ./Core/Src/stm32wlxx_it.o
 .debug_line    0x0000000000005105      0x854 ./Core/Src/system_stm32wlxx.o
 .debug_line    0x0000000000005959       0x89 ./Core/Startup/startup_stm32wl55jcix.o
 .debug_line    0x00000000000059e2      0xf6d ./Drivers/STM32WLxx_HAL_Driver/Src/stm32wlxx_hal.o
 .debug_line    0x000000000000694f      0xd54 ./Drivers/STM32WLxx_HAL_Driver/Src/stm32wlxx_hal_cortex.o
 .debug_line    0x00000000000076a3      0xfb3 ./Drivers/STM32WLxx_HAL_Driver/Src/stm32wlxx_hal_dma.o
 .debug_line    0x0000000000008656      0xbc9 ./Drivers/STM32WLxx_HAL_Driver/Src/stm32wlxx_hal_gpio.o
 .debug_line    0x000000000000921f     0x3770 ./Drivers/STM32WLxx_HAL_Driver/Src/stm32wlxx_hal_i2c.o
 .debug_line    0x000000000000c98f      0x9dc ./Drivers/STM32WLxx_HAL_Driver/Src/stm32wlxx_hal_i2c_ex.o
 .debug_line    0x000000000000d36b      0xa4d ./Drivers/STM32WLxx_HAL_Driver/Src/stm32wlxx_hal_pwr.o
 .debug_line    0x000000000000ddb8      0xf2b ./Drivers/STM32WLxx_HAL_Driver/Src/stm32wlxx_hal_pwr_ex.o
 .debug_line    0x000000000000ece3     0x1783 ./Drivers/STM32WLxx_HAL_Driver/Src/stm32wlxx_hal_rcc.o
 .debug_line    0x0000000000010466     0x13c5 ./Drivers/STM32WLxx_HAL_Driver/Src/stm32wlxx_hal_rcc_ex.o
 .debug_line    0x000000000001182b     0x23f9 ./Drivers/STM32WLxx_HAL_Driver/Src/stm32wlxx_hal_spi.o
 .debug_line    0x0000000000013c24     0x3b99 ./Drivers/STM32WLxx_HAL_Driver/Src/stm32wlxx_hal_tim.o
 .debug_line    0x00000000000177bd     0x1ca6 ./Drivers/STM32WLxx_HAL_Driver/Src/stm32wlxx_hal_tim_ex.o
 .debug_line    0x0000000000019463     0x3cae ./Drivers/STM32WLxx_HAL_Driver/Src/stm32wlxx_hal_uart.o
 .debug_line    0x000000000001d111      0xe12 ./Drivers/STM32WLxx_HAL_Driver/Src/stm32wlxx_hal_uart_ex.o

.debug_str      0x0000000000000000    0xc1577
 .debug_str     0x0000000000000000    0xb9ac5 ./Core/Src/ArduCAM.o
                                      0xba203 (size before relaxing)
 .debug_str     0x00000000000b9ac5      0x2be ./Core/Src/delay.o
                                      0xb5205 (size before relaxing)
 .debug_str     0x00000000000b9d83      0xf4a ./Core/Src/main.o
                                      0xbb2ab (size before relaxing)
 .debug_str     0x00000000000baccd       0x5a ./Core/Src/sccb_bus.o
                                      0xb9a65 (size before relaxing)
 .debug_str     0x00000000000bad27       0xc2 ./Core/Src/spi.o
                                      0xba180 (size before relaxing)
 .debug_str     0x00000000000bade9      0x2e9 ./Core/Src/stm32wlxx_hal_msp.o
                                      0xbab73 (size before relaxing)
 .debug_str     0x00000000000bb0d2       0xf5 ./Core/Src/stm32wlxx_it.o
                                      0xb9cc9 (size before relaxing)
 .debug_str     0x00000000000bb1c7       0x9e ./Core/Src/system_stm32wlxx.o
                                      0xb4e70 (size before relaxing)
 .debug_str     0x00000000000bb265       0x36 ./Core/Startup/startup_stm32wl55jcix.o
                                         0x92 (size before relaxing)
 .debug_str     0x00000000000bb29b      0x8da ./Drivers/STM32WLxx_HAL_Driver/Src/stm32wlxx_hal.o
                                      0xb5c58 (size before relaxing)
 .debug_str     0x00000000000bbb75      0x385 ./Drivers/STM32WLxx_HAL_Driver/Src/stm32wlxx_hal_cortex.o
                                      0xb5556 (size before relaxing)
 .debug_str     0x00000000000bbefa      0x2a5 ./Drivers/STM32WLxx_HAL_Driver/Src/stm32wlxx_hal_dma.o
                                      0xb5225 (size before relaxing)
 .debug_str     0x00000000000bc19f      0x14c ./Drivers/STM32WLxx_HAL_Driver/Src/stm32wlxx_hal_gpio.o
                                      0xb4ec9 (size before relaxing)
 .debug_str     0x00000000000bc2eb      0xea0 ./Drivers/STM32WLxx_HAL_Driver/Src/stm32wlxx_hal_i2c.o
                                      0xb60fb (size before relaxing)
 .debug_str     0x00000000000bd18b       0xb8 ./Drivers/STM32WLxx_HAL_Driver/Src/stm32wlxx_hal_i2c_ex.o
                                      0xb5317 (size before relaxing)
 .debug_str     0x00000000000bd243      0x52d ./Drivers/STM32WLxx_HAL_Driver/Src/stm32wlxx_hal_pwr.o
                                      0xb52c8 (size before relaxing)
 .debug_str     0x00000000000bd770      0x6ba ./Drivers/STM32WLxx_HAL_Driver/Src/stm32wlxx_hal_pwr_ex.o
                                      0xb5628 (size before relaxing)
 .debug_str     0x00000000000bde2a      0xab3 ./Drivers/STM32WLxx_HAL_Driver/Src/stm32wlxx_hal_rcc.o
                                      0xb5c3c (size before relaxing)
 .debug_str     0x00000000000be8dd      0x569 ./Drivers/STM32WLxx_HAL_Driver/Src/stm32wlxx_hal_rcc_ex.o
                                      0xb5797 (size before relaxing)
 .debug_str     0x00000000000bee46      0x5ab ./Drivers/STM32WLxx_HAL_Driver/Src/stm32wlxx_hal_spi.o
                                      0xb5793 (size before relaxing)
 .debug_str     0x00000000000bf3f1      0xe58 ./Drivers/STM32WLxx_HAL_Driver/Src/stm32wlxx_hal_tim.o
                                      0xb6239 (size before relaxing)
 .debug_str     0x00000000000c0249      0x73e ./Drivers/STM32WLxx_HAL_Driver/Src/stm32wlxx_hal_tim_ex.o
                                      0xb5cce (size before relaxing)
 .debug_str     0x00000000000c0987      0x98c ./Drivers/STM32WLxx_HAL_Driver/Src/stm32wlxx_hal_uart.o
                                      0xb5eae (size before relaxing)
 .debug_str     0x00000000000c1313      0x264 ./Drivers/STM32WLxx_HAL_Driver/Src/stm32wlxx_hal_uart_ex.o
                                      0xb55a7 (size before relaxing)

.comment        0x0000000000000000       0x50
 .comment       0x0000000000000000       0x50 ./Core/Src/ArduCAM.o
                                         0x51 (size before relaxing)
 .comment       0x0000000000000050       0x51 ./Core/Src/delay.o
 .comment       0x0000000000000050       0x51 ./Core/Src/main.o
 .comment       0x0000000000000050       0x51 ./Core/Src/sccb_bus.o
 .comment       0x0000000000000050       0x51 ./Core/Src/spi.o
 .comment       0x0000000000000050       0x51 ./Core/Src/stm32wlxx_hal_msp.o
 .comment       0x0000000000000050       0x51 ./Core/Src/stm32wlxx_it.o
 .comment       0x0000000000000050       0x51 ./Core/Src/system_stm32wlxx.o
 .comment       0x0000000000000050       0x51 ./Drivers/STM32WLxx_HAL_Driver/Src/stm32wlxx_hal.o
 .comment       0x0000000000000050       0x51 ./Drivers/STM32WLxx_HAL_Driver/Src/stm32wlxx_hal_cortex.o
 .comment       0x0000000000000050       0x51 ./Drivers/STM32WLxx_HAL_Driver/Src/stm32wlxx_hal_dma.o
 .comment       0x0000000000000050       0x51 ./Drivers/STM32WLxx_HAL_Driver/Src/stm32wlxx_hal_gpio.o
 .comment       0x0000000000000050       0x51 ./Drivers/STM32WLxx_HAL_Driver/Src/stm32wlxx_hal_i2c.o
 .comment       0x0000000000000050       0x51 ./Drivers/STM32WLxx_HAL_Driver/Src/stm32wlxx_hal_i2c_ex.o
 .comment       0x0000000000000050       0x51 ./Drivers/STM32WLxx_HAL_Driver/Src/stm32wlxx_hal_pwr.o
 .comment       0x0000000000000050       0x51 ./Drivers/STM32WLxx_HAL_Driver/Src/stm32wlxx_hal_pwr_ex.o
 .comment       0x0000000000000050       0x51 ./Drivers/STM32WLxx_HAL_Driver/Src/stm32wlxx_hal_rcc.o
 .comment       0x0000000000000050       0x51 ./Drivers/STM32WLxx_HAL_Driver/Src/stm32wlxx_hal_rcc_ex.o
 .comment       0x0000000000000050       0x51 ./Drivers/STM32WLxx_HAL_Driver/Src/stm32wlxx_hal_spi.o
 .comment       0x0000000000000050       0x51 ./Drivers/STM32WLxx_HAL_Driver/Src/stm32wlxx_hal_tim.o
 .comment       0x0000000000000050       0x51 ./Drivers/STM32WLxx_HAL_Driver/Src/stm32wlxx_hal_tim_ex.o
 .comment       0x0000000000000050       0x51 ./Drivers/STM32WLxx_HAL_Driver/Src/stm32wlxx_hal_uart.o
 .comment       0x0000000000000050       0x51 ./Drivers/STM32WLxx_HAL_Driver/Src/stm32wlxx_hal_uart_ex.o

.debug_frame    0x0000000000000000     0x770c
 .debug_frame   0x0000000000000000      0x3a4 ./Core/Src/ArduCAM.o
 .debug_frame   0x00000000000003a4       0x60 ./Core/Src/delay.o
 .debug_frame   0x0000000000000404      0x1b8 ./Core/Src/main.o
 .debug_frame   0x00000000000005bc      0x12c ./Core/Src/sccb_bus.o
 .debug_frame   0x00000000000006e8       0x58 ./Core/Src/spi.o
 .debug_frame   0x0000000000000740      0x218 ./Core/Src/stm32wlxx_hal_msp.o
 .debug_frame   0x0000000000000958      0x13c ./Core/Src/stm32wlxx_it.o
 .debug_frame   0x0000000000000a94       0x58 ./Core/Src/system_stm32wlxx.o
 .debug_frame   0x0000000000000aec      0x948 ./Drivers/STM32WLxx_HAL_Driver/Src/stm32wlxx_hal.o
 .debug_frame   0x0000000000001434      0x498 ./Drivers/STM32WLxx_HAL_Driver/Src/stm32wlxx_hal_cortex.o
 .debug_frame   0x00000000000018cc      0x29c ./Drivers/STM32WLxx_HAL_Driver/Src/stm32wlxx_hal_dma.o
 .debug_frame   0x0000000000001b68      0x174 ./Drivers/STM32WLxx_HAL_Driver/Src/stm32wlxx_hal_gpio.o
 .debug_frame   0x0000000000001cdc      0xc38 ./Drivers/STM32WLxx_HAL_Driver/Src/stm32wlxx_hal_i2c.o
 .debug_frame   0x0000000000002914      0x100 ./Drivers/STM32WLxx_HAL_Driver/Src/stm32wlxx_hal_i2c_ex.o
 .debug_frame   0x0000000000002a14      0x31c ./Drivers/STM32WLxx_HAL_Driver/Src/stm32wlxx_hal_pwr.o
 .debug_frame   0x0000000000002d30      0x894 ./Drivers/STM32WLxx_HAL_Driver/Src/stm32wlxx_hal_pwr_ex.o
 .debug_frame   0x00000000000035c4      0x8fc ./Drivers/STM32WLxx_HAL_Driver/Src/stm32wlxx_hal_rcc.o
 .debug_frame   0x0000000000003ec0      0x7ec ./Drivers/STM32WLxx_HAL_Driver/Src/stm32wlxx_hal_rcc_ex.o
 .debug_frame   0x00000000000046ac      0x8f8 ./Drivers/STM32WLxx_HAL_Driver/Src/stm32wlxx_hal_spi.o
 .debug_frame   0x0000000000004fa4     0x121c ./Drivers/STM32WLxx_HAL_Driver/Src/stm32wlxx_hal_tim.o
 .debug_frame   0x00000000000061c0      0x6fc ./Drivers/STM32WLxx_HAL_Driver/Src/stm32wlxx_hal_tim_ex.o
 .debug_frame   0x00000000000068bc      0xae4 ./Drivers/STM32WLxx_HAL_Driver/Src/stm32wlxx_hal_uart.o
 .debug_frame   0x00000000000073a0      0x2c0 ./Drivers/STM32WLxx_HAL_Driver/Src/stm32wlxx_hal_uart_ex.o
 .debug_frame   0x0000000000007660       0x2c c:/st/stm32cubeide_1.11.0/stm32cubeide/plugins/com.st.stm32cube.ide.mcu.externaltools.gnu-tools-for-stm32.10.3-2021.10.win32_1.0.100.202210260954/tools/bin/../lib/gcc/arm-none-eabi/10.3.1/../../../../arm-none-eabi/lib/thumb/v7e-m/nofp\libc_nano.a(lib_a-init.o)
 .debug_frame   0x000000000000768c       0x20 c:/st/stm32cubeide_1.11.0/stm32cubeide/plugins/com.st.stm32cube.ide.mcu.externaltools.gnu-tools-for-stm32.10.3-2021.10.win32_1.0.100.202210260954/tools/bin/../lib/gcc/arm-none-eabi/10.3.1/../../../../arm-none-eabi/lib/thumb/v7e-m/nofp\libc_nano.a(lib_a-memset.o)
 .debug_frame   0x00000000000076ac       0x2c c:/st/stm32cubeide_1.11.0/stm32cubeide/plugins/com.st.stm32cube.ide.mcu.externaltools.gnu-tools-for-stm32.10.3-2021.10.win32_1.0.100.202210260954/tools/bin/../lib/gcc/arm-none-eabi/10.3.1/thumb/v7e-m/nofp\libgcc.a(_aeabi_uldivmod.o)
 .debug_frame   0x00000000000076d8       0x34 c:/st/stm32cubeide_1.11.0/stm32cubeide/plugins/com.st.stm32cube.ide.mcu.externaltools.gnu-tools-for-stm32.10.3-2021.10.win32_1.0.100.202210260954/tools/bin/../lib/gcc/arm-none-eabi/10.3.1/thumb/v7e-m/nofp\libgcc.a(_udivmoddi4.o)
